10.0.1.14 - - [17/Mar/2026:20:16:43 +0000] "POST /static/images/logo.png HTTP/1.1" 200 7100 "-" "Mozilla/5.0 (X11; Linux x86_64; rv:120.0) Gecko/20100101 Firefox/120.0"
10.0.3.16 - - [17/Mar/2026:20:53:58 +0000] "DELETE /api/v1/cart HTTP/1.1" 201 30495 "-" "PostmanRuntime/7.35.0"
10.0.4.14 - - [17/Mar/2026:21:09:34 +0000] "GET /static/images/logo.png HTTP/1.1" 400 30664 "-" "Mozilla/5.0 (Windows NT 10.0; Win64; x64) AppleWebKit/537.36 Chrome/120.0"
192.168.1.28 - - [17/Mar/2026:21:13:39 +0000] "PATCH /api/v1/dashboard HTTP/1.1" 302 13272 "-" "curl/8.4.0"
10.0.2.14 - - [17/Mar/2026:21:21:14 +0000] "GET /metrics HTTP/1.1" 204 46225 "-" "PostmanRuntime/7.35.0"
10.0.2.4 - - [17/Mar/2026:21:32:33 +0000] "GET /static/images/logo.png HTTP/1.1" 200 30999 "-" "Mozilla/5.0 (Macintosh; Intel Mac OS X 14_0) Safari/605.1.15"
10.0.2.14 - - [17/Mar/2026:21:34:40 +0000] "POST /metrics HTTP/1.1" 302 4289 "-" "Mozilla/5.0 (X11; Linux x86_64; rv:120.0) Gecko/20100101 Firefox/120.0"
10.0.4.16 - - [17/Mar/2026:21:47:02 +0000] "GET /api/v1/search HTTP/1.1" 304 49916 "-" "PostmanRuntime/7.35.0"
10.0.1.16 - - [17/Mar/2026:21:51:41 +0000] "POST /api/v1/logout HTTP/1.1" 200 18150 "-" "curl/8.4.0"
10.0.4.10 - - [17/Mar/2026:22:02:04 +0000] "DELETE /static/js/app.js HTTP/1.1" 200 17203 "-" "Mozilla/5.0 (Macintosh; Intel Mac OS X 14_0) Safari/605.1.15"
192.168.1.24 - - [17/Mar/2026:22:14:23 +0000] "DELETE /api/v1/reports HTTP/1.1" 201 49560 "-" "Mozilla/5.0 (X11; Linux x86_64; rv:120.0) Gecko/20100101 Firefox/120.0"
10.0.3.3 - - [17/Mar/2026:22:37:12 +0000] "PATCH /static/css/main.css HTTP/1.1" 201 45343 "-" "Mozilla/5.0 (Macintosh; Intel Mac OS X 14_0) Safari/605.1.15"
10.0.4.6 - - [17/Mar/2026:22:39:25 +0000] "GET /health HTTP/1.1" 201 850 "-" "python-requests/2.31.0"
10.0.1.2 - - [17/Mar/2026:22:46:26 +0000] "GET /health HTTP/1.1" 204 21416 "-" "PostmanRuntime/7.35.0"
10.0.2.14 - - [17/Mar/2026:23:53:02 +0000] "GET /api/v1/notifications HTTP/1.1" 401 32931 "-" "Mozilla/5.0 (X11; Linux x86_64; rv:120.0) Gecko/20100101 Firefox/120.0"
10.0.3.18 - - [18/Mar/2026:00:29:42 +0000] "GET /api/v1/users HTTP/1.1" 429 8439 "-" "PostmanRuntime/7.35.0"
192.168.1.25 - - [18/Mar/2026:00:54:19 +0000] "GET /api/v1/search HTTP/1.1" 201 35988 "-" "Mozilla/5.0 (Macintosh; Intel Mac OS X 14_0) Safari/605.1.15"
10.0.1.7 - - [18/Mar/2026:00:54:21 +0000] "GET /api/v1/search HTTP/1.1" 405 38003 "-" "Mozilla/5.0 (Windows NT 10.0; Win64; x64) AppleWebKit/537.36 Chrome/120.0"
10.0.3.7 - - [18/Mar/2026:00:55:57 +0000] "GET /api/v1/profile HTTP/1.1" 204 8375 "-" "PostmanRuntime/7.35.0"
10.0.4.11 - - [18/Mar/2026:01:01:01 +0000] "GET /api/v1/admin HTTP/1.1" 201 35751 "-" "curl/8.4.0"
10.0.2.18 - - [18/Mar/2026:01:17:55 +0000] "GET /api/v1/payments HTTP/1.1" 201 24652 "-" "Mozilla/5.0 (Macintosh; Intel Mac OS X 14_0) Safari/605.1.15"
192.168.1.42 - - [18/Mar/2026:01:31:29 +0000] "POST /api/v1/dashboard HTTP/1.1" 201 43427 "-" "PostmanRuntime/7.35.0"
10.0.2.5 - - [18/Mar/2026:01:33:54 +0000] "POST /api/v1/products HTTP/1.1" 429 7003 "-" "Mozilla/5.0 (Windows NT 10.0; Win64; x64) AppleWebKit/537.36 Chrome/120.0"
10.0.3.19 - - [18/Mar/2026:01:41:14 +0000] "GET /metrics HTTP/1.1" 401 6734 "-" "PostmanRuntime/7.35.0"
192.168.1.9 - - [18/Mar/2026:01:46:38 +0000] "POST /api/v1/reports HTTP/1.1" 200 29994 "-" "python-requests/2.31.0"
10.0.1.2 - - [18/Mar/2026:02:02:03 +0000] "DELETE /api/v1/products HTTP/1.1" 201 30605 "-" "curl/8.4.0"
10.0.3.15 - - [18/Mar/2026:02:27:46 +0000] "GET /api/v1/admin HTTP/1.1" 302 33463 "-" "Mozilla/5.0 (X11; Linux x86_64; rv:120.0) Gecko/20100101 Firefox/120.0"
10.0.1.19 - - [18/Mar/2026:02:56:33 +0000] "GET /api/v1/reports HTTP/1.1" 301 472 "-" "curl/8.4.0"
203.0.113.42 - - [18/Mar/2026:02:59:21 +0000] "GET /api/v1/login HTTP/1.1" 405 76 "-" "Mozilla/5.0 (X11; Linux x86_64; rv:120.0) Gecko/20100101 Firefox/120.0"
10.0.4.5 - - [18/Mar/2026:03:09:27 +0000] "GET /api/v1/dashboard HTTP/1.1" 200 42433 "-" "curl/8.4.0"
10.0.4.4 - - [18/Mar/2026:03:31:36 +0000] "GET /favicon.ico HTTP/1.1" 201 47917 "-" "Mozilla/5.0 (Macintosh; Intel Mac OS X 14_0) Safari/605.1.15"
10.0.2.14 - - [18/Mar/2026:03:34:25 +0000] "POST /api/v1/reports HTTP/1.1" 200 46732 "-" "Mozilla/5.0 (Macintosh; Intel Mac OS X 14_0) Safari/605.1.15"
10.0.3.14 - - [18/Mar/2026:03:35:37 +0000] "PUT /favicon.ico HTTP/1.1" 400 36435 "-" "Mozilla/5.0 (Macintosh; Intel Mac OS X 14_0) Safari/605.1.15"
10.0.1.4 - - [18/Mar/2026:03:54:10 +0000] "GET /api/v1/users HTTP/1.1" 201 41415 "-" "python-requests/2.31.0"
192.168.1.21 - - [18/Mar/2026:03:54:29 +0000] "POST /api/v1/users HTTP/1.1" 302 8755 "-" "curl/8.4.0"
10.0.3.5 - - [18/Mar/2026:04:17:15 +0000] "GET /favicon.ico HTTP/1.1" 400 19659 "-" "Mozilla/5.0 (Macintosh; Intel Mac OS X 14_0) Safari/605.1.15"
10.0.1.14 - - [18/Mar/2026:04:53:05 +0000] "POST /api/v1/dashboard HTTP/1.1" 302 43405 "-" "Mozilla/5.0 (Windows NT 10.0; Win64; x64) AppleWebKit/537.36 Chrome/120.0"
192.168.1.37 - - [18/Mar/2026:05:43:42 +0000] "POST /favicon.ico HTTP/1.1" 429 6977 "-" "Mozilla/5.0 (Windows NT 10.0; Win64; x64) AppleWebKit/537.36 Chrome/120.0"
192.168.1.32 - - [18/Mar/2026:05:46:00 +0000] "GET /api/v1/profile HTTP/1.1" 201 12037 "-" "Mozilla/5.0 (Windows NT 10.0; Win64; x64) AppleWebKit/537.36 Chrome/120.0"
10.0.3.6 - - [18/Mar/2026:06:12:55 +0000] "PATCH /api/v1/search HTTP/1.1" 201 32380 "-" "Mozilla/5.0 (Windows NT 10.0; Win64; x64) AppleWebKit/537.36 Chrome/120.0"
203.0.113.42 - - [13/Mar/2026:05:00:18 +0000] "POST /api/v1/login HTTP/1.1" 405 20 "-" "python-requests/2.31.0"
10.0.4.19 - - [18/Mar/2026:06:19:18 +0000] "PATCH /api/v1/logout HTTP/1.1" 200 27719 "-" "curl/8.4.0"
10.0.4.10 - - [18/Mar/2026:06:32:31 +0000] "PUT /api/v1/payments HTTP/1.1" 201 11909 "-" "PostmanRuntime/7.35.0"
192.168.1.9 - - [18/Mar/2026:06:49:47 +0000] "GET /api/v1/settings HTTP/1.1" 429 31913 "-" "python-requests/2.31.0"
192.168.1.2 - - [18/Mar/2026:06:50:18 +0000] "GET /api/v1/checkout HTTP/1.1" 401 12838 "-" "python-requests/2.31.0"
203.0.113.42 - - [18/Mar/2026:06:50:19 +0000] "POST /api/v1/admin HTTP/1.1" 504 14 "-" "Mozilla/5.0 (Windows NT 10.0; Win64; x64) AppleWebKit/537.36 Chrome/120.0"
192.168.1.33 - - [18/Mar/2026:07:00:57 +0000] "GET /static/css/main.css HTTP/1.1" 200 6227 "-" "Mozilla/5.0 (X11; Linux x86_64; rv:120.0) Gecko/20100101 Firefox/120.0"
10.0.2.8 - - [18/Mar/2026:07:53:16 +0000] "GET /static/css/main.css HTTP/1.1" 201 26410 "-" "Mozilla/5.0 (Macintosh; Intel Mac OS X 14_0) Safari/605.1.15"
10.0.1.2 - - [18/Mar/2026:08:18:40 +0000] "POST /api/v1/checkout HTTP/1.1" 404 6943 "-" "python-requests/2.31.0"
10.0.2.12 - - [18/Mar/2026:09:12:35 +0000] "GET /api/v1/search HTTP/1.1" 404 32170 "-" "curl/8.4.0"
10.0.4.3 - - [18/Mar/2026:09:13:06 +0000] "POST /api/v1/checkout HTTP/1.1" 304 41023 "-" "Mozilla/5.0 (Windows NT 10.0; Win64; x64) AppleWebKit/537.36 Chrome/120.0"
10.0.4.4 - - [18/Mar/2026:09:19:35 +0000] "GET /api/v1/admin HTTP/1.1" 201 41664 "-" "Mozilla/5.0 (Windows NT 10.0; Win64; x64) AppleWebKit/537.36 Chrome/120.0"
192.168.1.9 - - [18/Mar/2026:09:20:58 +0000] "PATCH /api/v1/checkout HTTP/1.1" 204 19433 "-" "python-requests/2.31.0"
10.0.3.4 - - [18/Mar/2026:09:48:04 +0000] "GET /api/v1/products HTTP/1.1" 200 21347 "-" "curl/8.4.0"
10.0.3.5 - - [18/Mar/2026:09:53:49 +0000] "GET /api/v1/search HTTP/1.1" 301 24577 "-" "Mozilla/5.0 (Macintosh; Intel Mac OS X 14_0) Safari/605.1.15"
192.168.1.32 - - [18/Mar/2026:10:22:38 +0000] "GET /api/v1/users HTTP/1.1" 301 14209 "-" "curl/8.4.0"
10.0.2.15 - - [18/Mar/2026:10:49:27 +0000] "DELETE /static/images/logo.png HTTP/1.1" 200 18786 "-" "python-requests/2.31.0"
10.0.1.7 - - [18/Mar/2026:11:16:36 +0000] "GET /api/v1/checkout HTTP/1.1" 301 44197 "-" "Mozilla/5.0 (Windows NT 10.0; Win64; x64) AppleWebKit/537.36 Chrome/120.0"
10.0.4.2 - - [18/Mar/2026:11:20:21 +0000] "POST /api/v1/reports HTTP/1.1" 201 21179 "-" "Mozilla/5.0 (Macintosh; Intel Mac OS X 14_0) Safari/605.1.15"
198.51.100.77 - - [18/Mar/2026:11:39:55 +0000] "GET /api/v1/checkout HTTP/1.1" 201 8332 "-" "curl/8.4.0"
10.0.2.16 - - [18/Mar/2026:12:59:55 +0000] "POST /api/v1/cart HTTP/1.1" 204 18880 "-" "Mozilla/5.0 (Windows NT 10.0; Win64; x64) AppleWebKit/537.36 Chrome/120.0"
192.168.1.2 - - [18/Mar/2026:13:23:56 +0000] "PATCH /api/v1/profile HTTP/1.1" 200 26598 "-" "Mozilla/5.0 (Windows NT 10.0; Win64; x64) AppleWebKit/537.36 Chrome/120.0"
192.168.1.11 - - [18/Mar/2026:13:59:07 +0000] "GET /api/v1/users HTTP/1.1" 200 6433 "-" "curl/8.4.0"
10.0.2.3 - - [18/Mar/2026:15:12:54 +0000] "GET /api/v1/admin HTTP/1.1" 201 36667 "-" "Mozilla/5.0 (X11; Linux x86_64; rv:120.0) Gecko/20100101 Firefox/120.0"
192.168.1.13 - - [18/Mar/2026:15:33:20 +0000] "GET /api/v1/notifications HTTP/1.1" 204 42214 "-" "Mozilla/5.0 (Windows NT 10.0; Win64; x64) AppleWebKit/537.36 Chrome/120.0"
192.168.1.27 - - [18/Mar/2026:16:10:16 +0000] "GET /api/v1/login HTTP/1.1" 304 9292 "-" "Mozilla/5.0 (Windows NT 10.0; Win64; x64) AppleWebKit/537.36 Chrome/120.0"
10.0.4.6 - - [18/Mar/2026:16:54:04 +0000] "GET /api/v1/logout HTTP/1.1" 200 24374 "-" "python-requests/2.31.0"
192.168.1.14 - - [18/Mar/2026:16:58:24 +0000] "GET /api/v1/login HTTP/1.1" 200 20141 "-" "Mozilla/5.0 (Windows NT 10.0; Win64; x64) AppleWebKit/537.36 Chrome/120.0"
10.0.3.11 - - [18/Mar/2026:17:45:25 +0000] "GET /api/v1/payments HTTP/1.1" 401 38437 "-" "curl/8.4.0"
10.0.2.14 - - [18/Mar/2026:18:33:21 +0000] "DELETE /health HTTP/1.1" 400 27285 "-" "PostmanRuntime/7.35.0"
192.168.1.32 - - [18/Mar/2026:18:40:10 +0000] "POST /api/v1/cart HTTP/1.1" 204 43536 "-" "curl/8.4.0"
10.0.2.15 - - [18/Mar/2026:19:16:56 +0000] "PUT /static/css/main.css HTTP/1.1" 200 17489 "-" "Mozilla/5.0 (X11; Linux x86_64; rv:120.0) Gecko/20100101 Firefox/120.0"
10.0.3.4 - - [18/Mar/2026:19:39:04 +0000] "POST /api/v1/cart HTTP/1.1" 301 48386 "-" "Mozilla/5.0 (Macintosh; Intel Mac OS X 14_0) Safari/605.1.15"
192.168.1.20 - - [18/Mar/2026:20:01:03 +0000] "PATCH /api/v1/login HTTP/1.1" 200 44141 "-" "Mozilla/5.0 (Macintosh; Intel Mac OS X 14_0) Safari/605.1.15"
10.0.3.12 - - [18/Mar/2026:20:16:00 +0000] "GET /api/v1/products HTTP/1.1" 201 38900 "-" "python-requests/2.31.0"
10.0.2.13 - - [18/Mar/2026:20:20:27 +0000] "PUT /api/v1/profile HTTP/1.1" 301 43145 "-" "Mozilla/5.0 (Macintosh; Intel Mac OS X 14_0) Safari/605.1.15"
192.168.1.28 - - [18/Mar/2026:20:31:18 +0000] "PATCH /api/v1/cart HTTP/1.1" 400 25469 "-" "curl/8.4.0"
10.0.1.3 - - [18/Mar/2026:20:48:50 +0000] "PUT /api/v1/search HTTP/1.1" 200 27927 "-" "Mozilla/5.0 (Macintosh; Intel Mac OS X 14_0) Safari/605.1.15"
192.168.1.27 - - [18/Mar/2026:21:28:31 +0000] "GET /api/v1/products HTTP/1.1" 302 15965 "-" "Mozilla/5.0 (Windows NT 10.0; Win64; x64) AppleWebKit/537.36 Chrome/120.0"
192.168.1.48 - - [18/Mar/2026:21:28:51 +0000] "GET /static/css/main.css HTTP/1.1" 301 29864 "-" "Mozilla/5.0 (X11; Linux x86_64; rv:120.0) Gecko/20100101 Firefox/120.0"
192.168.1.22 - - [18/Mar/2026:21:30:14 +0000] "GET /api/v1/search HTTP/1.1" 200 33111 "-" "curl/8.4.0"
192.168.1.14 - - [18/Mar/2026:21:33:18 +0000] "GET /api/v1/admin HTTP/1.1" 200 42708 "-" "curl/8.4.0"
10.0.4.3 - - [18/Mar/2026:21:37:20 +0000] "GET /api/v1/search HTTP/1.1" 201 39131 "-" "Mozilla/5.0 (X11; Linux x86_64; rv:120.0) Gecko/20100101 Firefox/120.0"
198.51.100.77 - - [18/Mar/2026:21:58:36 +0000] "POST /api/v1/products HTTP/1.1" 301 42558 "-" "Mozilla/5.0 (Macintosh; Intel Mac OS X 14_0) Safari/605.1.15"
10.0.1.8 - - [18/Mar/2026:22:08:44 +0000] "GET /api/v1/login HTTP/1.1" 204 15847 "-" "Mozilla/5.0 (Windows NT 10.0; Win64; x64) AppleWebKit/537.36 Chrome/120.0"
10.0.2.3 - - [18/Mar/2026:22:12:34 +0000] "GET /metrics HTTP/1.1" 301 26713 "-" "curl/8.4.0"
10.0.1.8 - - [18/Mar/2026:22:19:08 +0000] "POST /api/v1/checkout HTTP/1.1" 204 11408 "-" "Mozilla/5.0 (Macintosh; Intel Mac OS X 14_0) Safari/605.1.15"
10.0.2.6 - - [18/Mar/2026:22:25:59 +0000] "POST /api/v1/profile HTTP/1.1" 302 6376 "-" "Mozilla/5.0 (Macintosh; Intel Mac OS X 14_0) Safari/605.1.15"
10.0.4.17 - - [18/Mar/2026:22:43:28 +0000] "POST /api/v1/cart HTTP/1.1" 200 44859 "-" "Mozilla/5.0 (Windows NT 10.0; Win64; x64) AppleWebKit/537.36 Chrome/120.0"
10.0.2.18 - - [18/Mar/2026:23:47:28 +0000] "DELETE /api/v1/orders HTTP/1.1" 404 43849 "-" "curl/8.4.0"
192.168.1.6 - - [18/Mar/2026:23:54:01 +0000] "GET /api/v1/checkout HTTP/1.1" 304 11388 "-" "PostmanRuntime/7.35.0"
192.168.1.3 - - [19/Mar/2026:01:26:49 +0000] "POST /static/css/main.css HTTP/1.1" 204 32201 "-" "Mozilla/5.0 (Macintosh; Intel Mac OS X 14_0) Safari/605.1.15"
192.168.1.12 - - [19/Mar/2026:01:33:24 +0000] "PUT /health HTTP/1.1" 301 19248 "-" "Mozilla/5.0 (Macintosh; Intel Mac OS X 14_0) Safari/605.1.15"
192.168.1.43 - - [19/Mar/2026:01:39:17 +0000] "PUT /api/v1/products HTTP/1.1" 200 48446 "-" "Mozilla/5.0 (X11; Linux x86_64; rv:120.0) Gecko/20100101 Firefox/120.0"
10.0.3.3 - - [19/Mar/2026:02:28:50 +0000] "PATCH /api/v1/checkout HTTP/1.1" 301 16815 "-" "Mozilla/5.0 (X11; Linux x86_64; rv:120.0) Gecko/20100101 Firefox/120.0"
10.0.3.4 - - [19/Mar/2026:02:34:29 +0000] "GET /api/v1/settings HTTP/1.1" 400 43711 "-" "python-requests/2.31.0"
10.0.2.2 - - [19/Mar/2026:03:12:13 +0000] "POST /favicon.ico HTTP/1.1" 200 27090 "-" "Mozilla/5.0 (Macintosh; Intel Mac OS X 14_0) Safari/605.1.15"
192.168.1.37 - - [19/Mar/2026:03:17:30 +0000] "GET /api/v1/users HTTP/1.1" 201 48762 "-" "PostmanRuntime/7.35.0"
10.0.3.6 - - [19/Mar/2026:03:31:54 +0000] "GET /api/v1/logout HTTP/1.1" 200 24958 "-" "PostmanRuntime/7.35.0"
10.0.2.3 - - [19/Mar/2026:03:42:36 +0000] "DELETE /static/images/logo.png HTTP/1.1" 400 29643 "-" "python-requests/2.31.0"
10.0.3.3 - - [19/Mar/2026:03:45:26 +0000] "DELETE /api/v1/dashboard HTTP/1.1" 204 18304 "-" "Mozilla/5.0 (X11; Linux x86_64; rv:120.0) Gecko/20100101 Firefox/120.0"
10.0.3.1 - - [19/Mar/2026:04:12:39 +0000] "PUT /api/v1/products HTTP/1.1" 201 30020 "-" "python-requests/2.31.0"
10.0.3.2 - - [19/Mar/2026:04:51:47 +0000] "GET /api/v1/users HTTP/1.1" 204 45126 "-" "Mozilla/5.0 (Macintosh; Intel Mac OS X 14_0) Safari/605.1.15"
192.168.1.39 - - [19/Mar/2026:04:57:37 +0000] "POST /api/v1/profile HTTP/1.1" 204 43736 "-" "Mozilla/5.0 (Macintosh; Intel Mac OS X 14_0) Safari/605.1.15"
10.0.2.6 - - [19/Mar/2026:05:14:23 +0000] "GET /api/v1/profile HTTP/1.1" 200 2883 "-" "Mozilla/5.0 (Macintosh; Intel Mac OS X 14_0) Safari/605.1.15"
192.168.1.32 - - [19/Mar/2026:05:22:08 +0000] "GET /api/v1/profile HTTP/1.1" 200 23285 "-" "PostmanRuntime/7.35.0"
192.168.1.13 - - [19/Mar/2026:05:30:45 +0000] "GET /api/v1/admin HTTP/1.1" 304 33098 "-" "PostmanRuntime/7.35.0"
192.168.1.40 - - [19/Mar/2026:05:52:46 +0000] "PATCH /api/v1/checkout HTTP/1.1" 200 48241 "-" "Mozilla/5.0 (Macintosh; Intel Mac OS X 14_0) Safari/605.1.15"
192.168.1.21 - - [19/Mar/2026:07:17:21 +0000] "GET /api/v1/login HTTP/1.1" 201 23441 "-" "Mozilla/5.0 (Macintosh; Intel Mac OS X 14_0) Safari/605.1.15"
10.0.3.12 - - [19/Mar/2026:07:44:41 +0000] "GET /api/v1/products HTTP/1.1" 400 19993 "-" "python-requests/2.31.0"
10.0.4.6 - - [19/Mar/2026:08:18:34 +0000] "POST /api/v1/settings HTTP/1.1" 302 9321 "-" "PostmanRuntime/7.35.0"
10.0.1.16 - - [19/Mar/2026:08:47:45 +0000] "GET /static/images/logo.png HTTP/1.1" 200 20188 "-" "Mozilla/5.0 (Windows NT 10.0; Win64; x64) AppleWebKit/537.36 Chrome/120.0"
10.0.4.13 - - [19/Mar/2026:09:13:31 +0000] "POST /api/v1/dashboard HTTP/1.1" 302 28832 "-" "Mozilla/5.0 (Windows NT 10.0; Win64; x64) AppleWebKit/537.36 Chrome/120.0"
10.0.4.8 - - [19/Mar/2026:10:00:43 +0000] "POST /static/js/app.js HTTP/1.1" 401 46900 "-" "Mozilla/5.0 (X11; Linux x86_64; rv:120.0) Gecko/20100101 Firefox/120.0"
10.0.4.4 - - [19/Mar/2026:10:16:19 +0000] "GET /api/v1/reports HTTP/1.1" 201 36828 "-" "Mozilla/5.0 (Windows NT 10.0; Win64; x64) AppleWebKit/537.36 Chrome/120.0"
10.0.4.2 - - [19/Mar/2026:10:26:52 +0000] "GET /api/v1/orders HTTP/1.1" 204 20017 "-" "Mozilla/5.0 (Macintosh; Intel Mac OS X 14_0) Safari/605.1.15"
10.0.3.9 - - [19/Mar/2026:10:34:44 +0000] "GET /static/images/logo.png HTTP/1.1" 400 19424 "-" "Mozilla/5.0 (Windows NT 10.0; Win64; x64) AppleWebKit/537.36 Chrome/120.0"
10.0.3.14 - - [19/Mar/2026:11:10:05 +0000] "GET /api/v1/users HTTP/1.1" 201 34148 "-" "curl/8.4.0"
192.168.1.22 - - [19/Mar/2026:11:44:48 +0000] "GET /favicon.ico HTTP/1.1" 200 39150 "-" "Mozilla/5.0 (Windows NT 10.0; Win64; x64) AppleWebKit/537.36 Chrome/120.0"
10.0.4.18 - - [19/Mar/2026:12:03:35 +0000] "POST /api/v1/login HTTP/1.1" 200 38513 "-" "PostmanRuntime/7.35.0"
192.168.1.14 - - [19/Mar/2026:12:49:30 +0000] "POST /static/js/app.js HTTP/1.1" 200 48724 "-" "curl/8.4.0"
192.168.1.40 - - [19/Mar/2026:13:06:21 +0000] "GET /api/v1/profile HTTP/1.1" 301 622 "-" "curl/8.4.0"
10.0.1.3 - - [19/Mar/2026:13:18:22 +0000] "GET /api/v1/users HTTP/1.1" 200 8132 "-" "python-requests/2.31.0"
10.0.1.4 - - [19/Mar/2026:14:39:11 +0000] "GET /api/v1/users HTTP/1.1" 304 29285 "-" "curl/8.4.0"
203.0.113.42 - - [19/Mar/2026:14:40:58 +0000] "GET /api/v1/login HTTP/1.1" 503 69 "-" "python-requests/2.31.0"
192.168.1.32 - - [19/Mar/2026:14:45:26 +0000] "GET /favicon.ico HTTP/1.1" 200 9485 "-" "PostmanRuntime/7.35.0"
192.168.1.44 - - [19/Mar/2026:14:58:05 +0000] "POST /static/images/logo.png HTTP/1.1" 200 31687 "-" "Mozilla/5.0 (X11; Linux x86_64; rv:120.0) Gecko/20100101 Firefox/120.0"
192.168.1.26 - - [19/Mar/2026:15:01:48 +0000] "PATCH /static/css/main.css HTTP/1.1" 201 18234 "-" "curl/8.4.0"
192.168.1.28 - - [19/Mar/2026:15:07:10 +0000] "GET /api/v1/reports HTTP/1.1" 200 18774 "-" "curl/8.4.0"
10.0.3.13 - - [19/Mar/2026:15:21:14 +0000] "GET /api/v1/profile HTTP/1.1" 200 42826 "-" "PostmanRuntime/7.35.0"
192.168.1.11 - - [19/Mar/2026:15:35:14 +0000] "PATCH /api/v1/admin HTTP/1.1" 404 30864 "-" "PostmanRuntime/7.35.0"
192.168.1.3 - - [19/Mar/2026:15:47:24 +0000] "PATCH /api/v1/admin HTTP/1.1" 204 33178 "-" "Mozilla/5.0 (Macintosh; Intel Mac OS X 14_0) Safari/605.1.15"
10.0.3.13 - - [19/Mar/2026:16:06:25 +0000] "POST /api/v1/payments HTTP/1.1" 301 23259 "-" "PostmanRuntime/7.35.0"
10.0.2.19 - - [19/Mar/2026:16:09:42 +0000] "GET /api/v1/orders HTTP/1.1" 201 43351 "-" "Mozilla/5.0 (X11; Linux x86_64; rv:120.0) Gecko/20100101 Firefox/120.0"
192.168.1.18 - - [19/Mar/2026:16:40:18 +0000] "PATCH /favicon.ico HTTP/1.1" 201 31116 "-" "python-requests/2.31.0"
10.0.1.18 - - [19/Mar/2026:16:43:44 +0000] "GET /api/v1/settings HTTP/1.1" 204 38258 "-" "Mozilla/5.0 (X11; Linux x86_64; rv:120.0) Gecko/20100101 Firefox/120.0"
10.0.3.17 - - [19/Mar/2026:17:01:12 +0000] "GET /api/v1/users HTTP/1.1" 304 10631 "-" "Mozilla/5.0 (Macintosh; Intel Mac OS X 14_0) Safari/605.1.15"
192.168.1.28 - - [19/Mar/2026:17:12:45 +0000] "GET /static/css/main.css HTTP/1.1" 201 15373 "-" "PostmanRuntime/7.35.0"
192.168.1.27 - - [19/Mar/2026:17:30:51 +0000] "DELETE /api/v1/payments HTTP/1.1" 302 25371 "-" "curl/8.4.0"
10.0.2.10 - - [30/Mar/2026:00:24:30 +0000] "PUT /api/v1/profile HTTP/1.1" 200 3859 "-" "curl/8.4.0"
192.168.1.16 - - [19/Mar/2026:17:32:33 +0000] "POST /api/v1/products HTTP/1.1" 200 49347 "-" "Mozilla/5.0 (Windows NT 10.0; Win64; x64) AppleWebKit/537.36 Chrome/120.0"
10.0.3.9 - - [19/Mar/2026:17:53:14 +0000] "POST /api/v1/users HTTP/1.1" 401 21247 "-" "Mozilla/5.0 (Windows NT 10.0; Win64; x64) AppleWebKit/537.36 Chrome/120.0"
10.0.3.10 - - [19/Mar/2026:18:09:06 +0000] "GET /favicon.ico HTTP/1.1" 204 13289 "-" "Mozilla/5.0 (Macintosh; Intel Mac OS X 14_0) Safari/605.1.15"
10.0.4.7 - - [19/Mar/2026:18:31:22 +0000] "POST /api/v1/cart HTTP/1.1" 200 10822 "-" "curl/8.4.0"
10.0.1.1 - - [19/Mar/2026:18:33:34 +0000] "GET /api/v1/users HTTP/1.1" 204 44021 "-" "Mozilla/5.0 (Windows NT 10.0; Win64; x64) AppleWebKit/537.36 Chrome/120.0"
192.168.1.36 - - [19/Mar/2026:19:25:28 +0000] "DELETE /api/v1/admin HTTP/1.1" 302 37443 "-" "python-requests/2.31.0"
10.0.3.1 - - [19/Mar/2026:19:33:19 +0000] "GET /favicon.ico HTTP/1.1" 204 12660 "-" "Mozilla/5.0 (Macintosh; Intel Mac OS X 14_0) Safari/605.1.15"
10.0.4.16 - - [19/Mar/2026:19:40:25 +0000] "POST /api/v1/admin HTTP/1.1" 204 36814 "-" "Mozilla/5.0 (Macintosh; Intel Mac OS X 14_0) Safari/605.1.15"
10.0.4.7 - - [19/Mar/2026:20:02:37 +0000] "GET /api/v1/dashboard HTTP/1.1" 304 37499 "-" "Mozilla/5.0 (Windows NT 10.0; Win64; x64) AppleWebKit/537.36 Chrome/120.0"
10.0.2.9 - - [19/Mar/2026:20:18:00 +0000] "GET /static/css/main.css HTTP/1.1" 200 39619 "-" "python-requests/2.31.0"
10.0.1.9 - - [19/Mar/2026:22:13:06 +0000] "PUT /api/v1/profile HTTP/1.1" 401 16674 "-" "curl/8.4.0"
192.168.1.18 - - [19/Mar/2026:23:04:22 +0000] "DELETE /api/v1/payments HTTP/1.1" 405 5100 "-" "python-requests/2.31.0"
10.0.2.12 - - [19/Mar/2026:23:20:54 +0000] "GET /api/v1/login HTTP/1.1" 204 7466 "-" "python-requests/2.31.0"
10.0.1.19 - - [19/Mar/2026:23:59:10 +0000] "POST /api/v1/login HTTP/1.1" 201 17297 "-" "Mozilla/5.0 (Macintosh; Intel Mac OS X 14_0) Safari/605.1.15"
192.168.1.16 - - [20/Mar/2026:00:34:52 +0000] "GET /static/images/logo.png HTTP/1.1" 304 21801 "-" "PostmanRuntime/7.35.0"
192.168.1.16 - - [20/Mar/2026:01:10:22 +0000] "GET /api/v1/logout HTTP/1.1" 302 37152 "-" "python-requests/2.31.0"
192.168.1.10 - - [20/Mar/2026:01:15:30 +0000] "GET /api/v1/logout HTTP/1.1" 403 39400 "-" "PostmanRuntime/7.35.0"
192.168.1.21 - - [20/Mar/2026:01:25:46 +0000] "DELETE /static/css/main.css HTTP/1.1" 403 17928 "-" "PostmanRuntime/7.35.0"
203.0.113.42 - - [20/Mar/2026:01:30:48 +0000] "GET /api/v1/admin HTTP/1.1" 401 2595257 "-" "Mozilla/5.0 (Windows NT 10.0; Win64; x64) AppleWebKit/537.36 Chrome/120.0"
203.0.113.42 - - [20/Mar/2026:01:36:53 +0000] "POST /api/v1/login HTTP/1.1" 500 6 "-" "curl/8.4.0"
10.0.4.4 - - [20/Mar/2026:01:46:56 +0000] "POST /api/v1/products HTTP/1.1" 201 40547 "-" "Mozilla/5.0 (X11; Linux x86_64; rv:120.0) Gecko/20100101 Firefox/120.0"
10.0.3.1 - - [20/Mar/2026:01:53:35 +0000] "GET /api/v1/login HTTP/1.1" 200 6228 "-" "python-requests/2.31.0"
203.0.113.42 - - [20/Mar/2026:01:54:34 +0000] "POST /etc/passwd HTTP/1.1" 429 174978 "-" "Mozilla/5.0 (Macintosh; Intel Mac OS X 14_0) Safari/605.1.15"
192.168.1.33 - - [20/Mar/2026:02:01:46 +0000] "GET /api/v1/profile HTTP/1.1" 200 23115 "-" "python-requests/2.31.0"
10.0.1.14 - - [20/Mar/2026:02:10:29 +0000] "PATCH /api/v1/orders HTTP/1.1" 204 31572 "-" "PostmanRuntime/7.35.0"
192.168.1.20 - - [20/Mar/2026:02:44:05 +0000] "GET /static/images/logo.png HTTP/1.1" 200 46419 "-" "PostmanRuntime/7.35.0"
10.0.1.8 - - [20/Mar/2026:03:27:11 +0000] "GET /api/v1/profile HTTP/1.1" 403 36336 "-" "Mozilla/5.0 (X11; Linux x86_64; rv:120.0) Gecko/20100101 Firefox/120.0"
10.0.1.14 - - [20/Mar/2026:03:40:09 +0000] "POST /api/v1/checkout HTTP/1.1" 201 35682 "-" "python-requests/2.31.0"
10.0.3.2 - - [20/Mar/2026:03:52:05 +0000] "PATCH /metrics HTTP/1.1" 204 5341 "-" "Mozilla/5.0 (Macintosh; Intel Mac OS X 14_0) Safari/605.1.15"
10.0.1.11 - - [20/Mar/2026:04:22:50 +0000] "GET /static/images/logo.png HTTP/1.1" 200 24604 "-" "PostmanRuntime/7.35.0"
192.168.1.37 - - [20/Mar/2026:04:56:11 +0000] "GET /api/v1/cart HTTP/1.1" 301 42792 "-" "curl/8.4.0"
192.168.1.6 - - [20/Mar/2026:05:02:23 +0000] "GET /api/v1/login HTTP/1.1" 201 38750 "-" "curl/8.4.0"
192.168.1.22 - - [20/Mar/2026:06:40:22 +0000] "GET /metrics HTTP/1.1" 201 1435 "-" "curl/8.4.0"
192.168.1.12 - - [20/Mar/2026:06:43:06 +0000] "GET /api/v1/dashboard HTTP/1.1" 200 28451 "-" "python-requests/2.31.0"
203.0.113.42 - - [20/Mar/2026:07:03:40 +0000] "GET /api/v1/login HTTP/1.1" 500 96 "-" "Mozilla/5.0 (X11; Linux x86_64; rv:120.0) Gecko/20100101 Firefox/120.0"
192.168.1.8 - - [20/Mar/2026:07:12:51 +0000] "GET /metrics HTTP/1.1" 201 28219 "-" "PostmanRuntime/7.35.0"
192.168.1.15 - - [20/Mar/2026:07:29:22 +0000] "PUT /static/images/logo.png HTTP/1.1" 201 47470 "-" "PostmanRuntime/7.35.0"
10.0.4.13 - - [20/Mar/2026:07:40:49 +0000] "GET /health HTTP/1.1" 302 17245 "-" "Mozilla/5.0 (Macintosh; Intel Mac OS X 14_0) Safari/605.1.15"
10.0.4.14 - - [20/Mar/2026:08:35:31 +0000] "POST /api/v1/cart HTTP/1.1" 200 1195 "-" "Mozilla/5.0 (X11; Linux x86_64; rv:120.0) Gecko/20100101 Firefox/120.0"
10.0.2.3 - - [20/Mar/2026:08:49:13 +0000] "GET /api/v1/cart HTTP/1.1" 302 19587 "-" "Mozilla/5.0 (X11; Linux x86_64; rv:120.0) Gecko/20100101 Firefox/120.0"
192.168.1.10 - - [20/Mar/2026:09:36:45 +0000] "POST /api/v1/admin HTTP/1.1" 201 16617 "-" "PostmanRuntime/7.35.0"
192.168.1.4 - - [20/Mar/2026:10:29:23 +0000] "GET /health HTTP/1.1" 301 17535 "-" "Mozilla/5.0 (Macintosh; Intel Mac OS X 14_0) Safari/605.1.15"
192.168.1.5 - - [20/Mar/2026:10:51:57 +0000] "GET /api/v1/notifications HTTP/1.1" 200 23709 "-" "curl/8.4.0"
10.0.1.7 - - [20/Mar/2026:11:00:23 +0000] "GET /health HTTP/1.1" 403 18317 "-" "python-requests/2.31.0"
192.168.1.17 - - [20/Mar/2026:11:04:51 +0000] "GET /api/v1/checkout HTTP/1.1" 302 18297 "-" "Mozilla/5.0 (X11; Linux x86_64; rv:120.0) Gecko/20100101 Firefox/120.0"
192.168.1.33 - - [20/Mar/2026:11:36:02 +0000] "GET /api/v1/payments HTTP/1.1" 200 40697 "-" "PostmanRuntime/7.35.0"
203.0.113.42 - - [20/Mar/2026:13:36:13 +0000] "POST /api/v1/login HTTP/1.1" 405 74 "-" "Mozilla/5.0 (Windows NT 10.0; Win64; x64) AppleWebKit/537.36 Chrome/120.0"
10.0.1.18 - - [20/Mar/2026:14:16:01 +0000] "PATCH /api/v1/users HTTP/1.1" 301 23356 "-" "python-requests/2.31.0"
10.0.1.12 - - [20/Mar/2026:14:23:27 +0000] "GET /api/v1/logout HTTP/1.1" 204 7617 "-" "python-requests/2.31.0"
10.0.1.4 - - [20/Mar/2026:14:54:41 +0000] "GET /api/v1/admin HTTP/1.1" 304 44831 "-" "curl/8.4.0"
10.0.4.4 - - [20/Mar/2026:15:07:11 +0000] "DELETE /api/v1/orders HTTP/1.1" 200 39978 "-" "Mozilla/5.0 (X11; Linux x86_64; rv:120.0) Gecko/20100101 Firefox/120.0"
10.0.3.18 - - [20/Mar/2026:15:19:23 +0000] "DELETE /api/v1/admin HTTP/1.1" 201 19471 "-" "python-requests/2.31.0"
203.0.113.42 - - [20/Mar/2026:15:22:20 +0000] "GET /api/v1/login HTTP/1.1" 429 1824019 "-" "python-requests/2.31.0"
10.0.3.2 - - [20/Mar/2026:15:36:56 +0000] "PATCH /api/v1/dashboard HTTP/1.1" 304 2336 "-" "PostmanRuntime/7.35.0"
10.0.3.11 - - [20/Mar/2026:16:06:44 +0000] "PUT /favicon.ico HTTP/1.1" 200 5266 "-" "Mozilla/5.0 (Macintosh; Intel Mac OS X 14_0) Safari/605.1.15"
10.0.4.2 - - [20/Mar/2026:16:16:23 +0000] "POST /api/v1/products HTTP/1.1" 304 34787 "-" "Mozilla/5.0 (Windows NT 10.0; Win64; x64) AppleWebKit/537.36 Chrome/120.0"
10.0.4.7 - - [20/Mar/2026:16:37:53 +0000] "GET /api/v1/search HTTP/1.1" 304 19406 "-" "Mozilla/5.0 (Macintosh; Intel Mac OS X 14_0) Safari/605.1.15"
10.0.3.6 - - [20/Mar/2026:16:38:52 +0000] "GET /api/v1/settings HTTP/1.1" 302 7763 "-" "PostmanRuntime/7.35.0"
10.0.3.18 - - [20/Mar/2026:17:14:17 +0000] "GET /api/v1/admin HTTP/1.1" 204 5209 "-" "Mozilla/5.0 (X11; Linux x86_64; rv:120.0) Gecko/20100101 Firefox/120.0"
10.0.1.10 - - [20/Mar/2026:17:22:08 +0000] "GET /api/v1/reports HTTP/1.1" 200 8410 "-" "python-requests/2.31.0"
10.0.3.18 - - [20/Mar/2026:17:51:10 +0000] "POST /api/v1/orders HTTP/1.1" 204 19001 "-" "Mozilla/5.0 (X11; Linux x86_64; rv:120.0) Gecko/20100101 Firefox/120.0"
192.168.1.21 - - [20/Mar/2026:18:29:25 +0000] "GET /static/js/app.js HTTP/1.1" 405 37949 "-" "curl/8.4.0"
10.0.1.2 - - [20/Mar/2026:18:32:38 +0000] "DELETE /api/v1/notifications HTTP/1.1" 200 8116 "-" "curl/8.4.0"
10.0.4.15 - - [20/Mar/2026:18:47:00 +0000] "POST /api/v1/orders HTTP/1.1" 304 28473 "-" "Mozilla/5.0 (Windows NT 10.0; Win64; x64) AppleWebKit/537.36 Chrome/120.0"
192.168.1.19 - - [20/Mar/2026:18:49:22 +0000] "GET /static/js/app.js HTTP/1.1" 400 27879 "-" "Mozilla/5.0 (X11; Linux x86_64; rv:120.0) Gecko/20100101 Firefox/120.0"
10.0.1.13 - - [20/Mar/2026:19:03:46 +0000] "POST /api/v1/products HTTP/1.1" 201 22262 "-" "python-requests/2.31.0"
192.168.1.28 - - [20/Mar/2026:19:06:51 +0000] "PATCH /api/v1/login HTTP/1.1" 200 23462 "-" "curl/8.4.0"
10.0.4.10 - - [20/Mar/2026:19:30:10 +0000] "POST /api/v1/reports HTTP/1.1" 201 31467 "-" "PostmanRuntime/7.35.0"
192.168.1.47 - - [20/Mar/2026:20:01:49 +0000] "POST /health HTTP/1.1" 400 33582 "-" "Mozilla/5.0 (Windows NT 10.0; Win64; x64) AppleWebKit/537.36 Chrome/120.0"
192.168.1.2 - - [20/Mar/2026:20:09:29 +0000] "POST /api/v1/admin HTTP/1.1" 301 29922 "-" "curl/8.4.0"
192.168.1.46 - - [20/Mar/2026:20:10:18 +0000] "POST /health HTTP/1.1" 201 6550 "-" "Mozilla/5.0 (Macintosh; Intel Mac OS X 14_0) Safari/605.1.15"
10.0.3.1 - - [20/Mar/2026:20:22:08 +0000] "GET /static/js/app.js HTTP/1.1" 400 38199 "-" "python-requests/2.31.0"
10.0.4.4 - - [20/Mar/2026:20:39:58 +0000] "GET /api/v1/dashboard HTTP/1.1" 201 11892 "-" "Mozilla/5.0 (Macintosh; Intel Mac OS X 14_0) Safari/605.1.15"
203.0.113.42 - - [20/Mar/2026:20:45:58 +0000] "GET /api/v1/admin HTTP/1.1" 429 40 "-" "Mozilla/5.0 (X11; Linux x86_64; rv:120.0) Gecko/20100101 Firefox/120.0"
10.0.2.3 - - [20/Mar/2026:21:06:42 +0000] "GET /api/v1/cart HTTP/1.1" 304 19105 "-" "Mozilla/5.0 (X11; Linux x86_64; rv:120.0) Gecko/20100101 Firefox/120.0"
192.168.1.28 - - [20/Mar/2026:21:36:59 +0000] "PATCH /api/v1/checkout HTTP/1.1" 200 13755 "-" "python-requests/2.31.0"
192.168.1.44 - - [20/Mar/2026:22:38:50 +0000] "GET /api/v1/login HTTP/1.1" 404 35578 "-" "python-requests/2.31.0"
192.168.1.2 - - [20/Mar/2026:22:38:52 +0000] "GET /api/v1/users HTTP/1.1" 201 18670 "-" "python-requests/2.31.0"
10.0.4.8 - - [20/Mar/2026:23:09:00 +0000] "POST /api/v1/notifications HTTP/1.1" 201 7383 "-" "PostmanRuntime/7.35.0"
192.168.1.31 - - [20/Mar/2026:23:23:01 +0000] "GET /api/v1/reports HTTP/1.1" 204 5892 "-" "Mozilla/5.0 (Macintosh; Intel Mac OS X 14_0) Safari/605.1.15"
192.168.1.30 - - [20/Mar/2026:23:27:26 +0000] "PATCH /api/v1/logout HTTP/1.1" 302 14777 "-" "PostmanRuntime/7.35.0"
192.168.1.41 - - [20/Mar/2026:23:58:41 +0000] "POST /api/v1/checkout HTTP/1.1" 201 48403 "-" "python-requests/2.31.0"
192.168.1.19 - - [21/Mar/2026:00:14:31 +0000] "POST /api/v1/settings HTTP/1.1" 400 2713 "-" "curl/8.4.0"
10.0.2.14 - - [21/Mar/2026:00:28:43 +0000] "GET /static/images/logo.png HTTP/1.1" 301 41230 "-" "Mozilla/5.0 (Windows NT 10.0; Win64; x64) AppleWebKit/537.36 Chrome/120.0"
192.168.1.3 - - [21/Mar/2026:00:40:08 +0000] "GET /health HTTP/1.1" 201 14631 "-" "PostmanRuntime/7.35.0"
10.0.4.15 - - [21/Mar/2026:00:48:48 +0000] "GET /api/v1/payments HTTP/1.1" 302 18720 "-" "Mozilla/5.0 (Macintosh; Intel Mac OS X 14_0) Safari/605.1.15"
192.168.1.23 - - [21/Mar/2026:01:02:14 +0000] "PATCH /api/v1/search HTTP/1.1" 200 4608 "-" "curl/8.4.0"
10.0.1.5 - - [21/Mar/2026:01:09:18 +0000] "POST /api/v1/login HTTP/1.1" 201 17440 "-" "python-requests/2.31.0"
10.0.1.12 - - [21/Mar/2026:01:22:49 +0000] "POST /static/css/main.css HTTP/1.1" 204 12000 "-" "Mozilla/5.0 (X11; Linux x86_64; rv:120.0) Gecko/20100101 Firefox/120.0"
10.0.2.7 - - [21/Mar/2026:02:04:55 +0000] "POST /static/css/main.css HTTP/1.1" 302 25903 "-" "python-requests/2.31.0"
10.0.4.18 - - [21/Mar/2026:02:20:31 +0000] "GET /api/v1/cart HTTP/1.1" 200 49677 "-" "Mozilla/5.0 (X11; Linux x86_64; rv:120.0) Gecko/20100101 Firefox/120.0"
10.0.4.9 - - [21/Mar/2026:02:25:58 +0000] "GET /api/v1/reports HTTP/1.1" 200 30656 "-" "Mozilla/5.0 (X11; Linux x86_64; rv:120.0) Gecko/20100101 Firefox/120.0"
10.0.3.2 - - [21/Mar/2026:02:27:23 +0000] "POST /api/v1/orders HTTP/1.1" 302 31902 "-" "curl/8.4.0"
10.0.1.12 - - [21/Mar/2026:02:49:05 +0000] "GET /api/v1/checkout HTTP/1.1" 204 27004 "-" "Mozilla/5.0 (Windows NT 10.0; Win64; x64) AppleWebKit/537.36 Chrome/120.0"
10.0.2.15 - - [21/Mar/2026:03:02:37 +0000] "GET /api/v1/settings HTTP/1.1" 201 29163 "-" "curl/8.4.0"
192.168.1.14 - - [21/Mar/2026:03:25:18 +0000] "GET /api/v1/cart HTTP/1.1" 201 3190 "-" "Mozilla/5.0 (X11; Linux x86_64; rv:120.0) Gecko/20100101 Firefox/120.0"
10.0.1.8 - - [21/Mar/2026:03:38:04 +0000] "POST /api/v1/payments HTTP/1.1" 204 41178 "-" "Mozilla/5.0 (Windows NT 10.0; Win64; x64) AppleWebKit/537.36 Chrome/120.0"
10.0.2.17 - - [21/Mar/2026:03:39:37 +0000] "GET /static/images/logo.png HTTP/1.1" 200 47531 "-" "Mozilla/5.0 (Windows NT 10.0; Win64; x64) AppleWebKit/537.36 Chrome/120.0"
192.168.1.24 - - [21/Mar/2026:03:41:19 +0000] "PUT /api/v1/settings HTTP/1.1" 400 36434 "-" "Mozilla/5.0 (Windows NT 10.0; Win64; x64) AppleWebKit/537.36 Chrome/120.0"
10.0.1.5 - - [21/Mar/2026:04:12:11 +0000] "GET /api/v1/search HTTP/1.1" 429 35307 "-" "curl/8.4.0"
10.0.1.10 - - [21/Mar/2026:04:39:51 +0000] "GET /api/v1/payments HTTP/1.1" 400 21925 "-" "curl/8.4.0"
10.0.1.15 - - [21/Mar/2026:04:57:47 +0000] "PATCH /api/v1/login HTTP/1.1" 304 49687 "-" "python-requests/2.31.0"
10.0.3.15 - - [21/Mar/2026:05:14:06 +0000] "PUT /api/v1/login HTTP/1.1" 200 19956 "-" "Mozilla/5.0 (Windows NT 10.0; Win64; x64) AppleWebKit/537.36 Chrome/120.0"
10.0.1.15 - - [21/Mar/2026:05:34:10 +0000] "GET /api/v1/products HTTP/1.1" 304 24963 "-" "PostmanRuntime/7.35.0"
10.0.2.2 - - [21/Mar/2026:06:44:52 +0000] "DELETE /api/v1/logout HTTP/1.1" 200 47524 "-" "PostmanRuntime/7.35.0"
10.0.4.1 - - [21/Mar/2026:06:46:14 +0000] "GET /static/images/logo.png HTTP/1.1" 204 10151 "-" "Mozilla/5.0 (Windows NT 10.0; Win64; x64) AppleWebKit/537.36 Chrome/120.0"
10.0.3.14 - - [21/Mar/2026:06:46:28 +0000] "GET /metrics HTTP/1.1" 304 21415 "-" "curl/8.4.0"
192.168.1.6 - - [21/Mar/2026:07:07:00 +0000] "GET /api/v1/notifications HTTP/1.1" 200 17519 "-" "PostmanRuntime/7.35.0"
10.0.3.10 - - [21/Mar/2026:07:14:08 +0000] "GET /api/v1/logout HTTP/1.1" 200 26829 "-" "python-requests/2.31.0"
10.0.2.5 - - [21/Mar/2026:07:18:05 +0000] "PATCH /static/images/logo.png HTTP/1.1" 204 25261 "-" "Mozilla/5.0 (Windows NT 10.0; Win64; x64) AppleWebKit/537.36 Chrome/120.0"
10.0.3.14 - - [21/Mar/2026:07:18:19 +0000] "PATCH /static/images/logo.png HTTP/1.1" 301 29839 "-" "Mozilla/5.0 (Macintosh; Intel Mac OS X 14_0) Safari/605.1.15"
192.168.1.7 - - [21/Mar/2026:07:25:56 +0000] "GET /api/v1/cart HTTP/1.1" 201 31447 "-" "python-requests/2.31.0"
10.0.2.12 - - [21/Mar/2026:07:29:57 +0000] "GET /favicon.ico HTTP/1.1" 405 6451 "-" "python-requests/2.31.0"
203.0.113.42 - - [21/Mar/2026:08:03:20 +0000] "POST /api/v1/logout HTTP/1.1" 200 40602 "-" "curl/8.4.0"
10.0.1.11 - - [21/Mar/2026:08:12:07 +0000] "GET /static/css/main.css HTTP/1.1" 201 20611 "-" "PostmanRuntime/7.35.0"
192.168.1.39 - - [21/Mar/2026:08:22:13 +0000] "GET /health HTTP/1.1" 204 565 "-" "Mozilla/5.0 (X11; Linux x86_64; rv:120.0) Gecko/20100101 Firefox/120.0"
203.0.113.42 - - [21/Mar/2026:08:26:12 +0000] "POST /api/v1/settings HTTP/1.1" 404 15649 "-" "Mozilla/5.0 (X11; Linux x86_64; rv:120.0) Gecko/20100101 Firefox/120.0"
10.0.4.18 - - [21/Mar/2026:08:27:17 +0000] "POST /api/v1/logout HTTP/1.1" 401 28098 "-" "PostmanRuntime/7.35.0"
192.168.1.33 - - [21/Mar/2026:09:00:16 +0000] "PUT /api/v1/payments HTTP/1.1" 204 8161 "-" "Mozilla/5.0 (Macintosh; Intel Mac OS X 14_0) Safari/605.1.15"
192.168.1.30 - - [21/Mar/2026:09:27:07 +0000] "GET /api/v1/reports HTTP/1.1" 204 41236 "-" "python-requests/2.31.0"
10.0.4.2 - - [21/Mar/2026:10:32:50 +0000] "GET /api/v1/profile HTTP/1.1" 200 19482 "-" "PostmanRuntime/7.35.0"
10.0.2.2 - - [21/Mar/2026:10:33:03 +0000] "POST /metrics HTTP/1.1" 400 37149 "-" "PostmanRuntime/7.35.0"
10.0.2.7 - - [21/Mar/2026:10:37:02 +0000] "POST /api/v1/search HTTP/1.1" 302 47023 "-" "Mozilla/5.0 (X11; Linux x86_64; rv:120.0) Gecko/20100101 Firefox/120.0"
10.0.1.16 - - [21/Mar/2026:10:40:41 +0000] "GET /api/v1/search HTTP/1.1" 403 49139 "-" "PostmanRuntime/7.35.0"
192.168.1.35 - - [21/Mar/2026:11:01:51 +0000] "GET /static/css/main.css HTTP/1.1" 200 27482 "-" "Mozilla/5.0 (Macintosh; Intel Mac OS X 14_0) Safari/605.1.15"
192.168.1.18 - - [21/Mar/2026:11:43:28 +0000] "PATCH /api/v1/users HTTP/1.1" 201 12499 "-" "Mozilla/5.0 (Macintosh; Intel Mac OS X 14_0) Safari/605.1.15"
10.0.4.12 - - [21/Mar/2026:12:13:35 +0000] "GET /api/v1/login HTTP/1.1" 204 39158 "-" "Mozilla/5.0 (Macintosh; Intel Mac OS X 14_0) Safari/605.1.15"
10.0.1.9 - - [21/Mar/2026:12:14:48 +0000] "GET /api/v1/users HTTP/1.1" 401 18194 "-" "Mozilla/5.0 (X11; Linux x86_64; rv:120.0) Gecko/20100101 Firefox/120.0"
10.0.4.4 - - [21/Mar/2026:12:22:14 +0000] "POST /api/v1/profile HTTP/1.1" 201 26628 "-" "Mozilla/5.0 (X11; Linux x86_64; rv:120.0) Gecko/20100101 Firefox/120.0"
10.0.1.3 - - [21/Mar/2026:13:05:17 +0000] "GET /api/v1/orders HTTP/1.1" 200 14384 "-" "Mozilla/5.0 (X11; Linux x86_64; rv:120.0) Gecko/20100101 Firefox/120.0"
192.168.1.27 - - [21/Mar/2026:13:36:31 +0000] "GET /static/js/app.js HTTP/1.1" 204 25296 "-" "Mozilla/5.0 (X11; Linux x86_64; rv:120.0) Gecko/20100101 Firefox/120.0"
10.0.2.3 - - [21/Mar/2026:13:36:48 +0000] "PATCH /metrics HTTP/1.1" 301 31225 "-" "Mozilla/5.0 (Macintosh; Intel Mac OS X 14_0) Safari/605.1.15"
10.0.1.11 - - [21/Mar/2026:13:37:03 +0000] "PATCH /api/v1/logout HTTP/1.1" 401 40499 "-" "Mozilla/5.0 (Macintosh; Intel Mac OS X 14_0) Safari/605.1.15"
10.0.4.16 - - [21/Mar/2026:14:06:23 +0000] "DELETE /api/v1/settings HTTP/1.1" 200 3620 "-" "Mozilla/5.0 (Macintosh; Intel Mac OS X 14_0) Safari/605.1.15"
10.0.4.7 - - [21/Mar/2026:14:56:57 +0000] "GET /static/css/main.css HTTP/1.1" 201 32992 "-" "Mozilla/5.0 (Windows NT 10.0; Win64; x64) AppleWebKit/537.36 Chrome/120.0"
10.0.3.14 - - [21/Mar/2026:15:11:58 +0000] "GET /api/v1/dashboard HTTP/1.1" 301 23464 "-" "Mozilla/5.0 (X11; Linux x86_64; rv:120.0) Gecko/20100101 Firefox/120.0"
10.0.2.14 - - [21/Mar/2026:16:01:45 +0000] "POST /metrics HTTP/1.1" 304 11086 "-" "PostmanRuntime/7.35.0"
192.168.1.37 - - [21/Mar/2026:16:03:59 +0000] "PUT /static/images/logo.png HTTP/1.1" 201 45754 "-" "Mozilla/5.0 (X11; Linux x86_64; rv:120.0) Gecko/20100101 Firefox/120.0"
10.0.4.6 - - [21/Mar/2026:16:34:47 +0000] "POST /api/v1/payments HTTP/1.1" 200 24165 "-" "curl/8.4.0"
10.0.3.2 - - [21/Mar/2026:16:43:52 +0000] "POST /api/v1/search HTTP/1.1" 204 12716 "-" "curl/8.4.0"
192.168.1.3 - - [21/Mar/2026:16:47:04 +0000] "GET /api/v1/admin HTTP/1.1" 204 567 "-" "python-requests/2.31.0"
192.168.1.25 - - [21/Mar/2026:16:58:24 +0000] "PATCH /api/v1/checkout HTTP/1.1" 204 1051 "-" "python-requests/2.31.0"
10.0.2.3 - - [21/Mar/2026:17:28:07 +0000] "POST /api/v1/dashboard HTTP/1.1" 200 45780 "-" "PostmanRuntime/7.35.0"
192.168.1.15 - - [21/Mar/2026:17:37:48 +0000] "PATCH /api/v1/users HTTP/1.1" 304 31054 "-" "python-requests/2.31.0"
203.0.113.42 - - [21/Mar/2026:17:55:57 +0000] "GET /favicon.ico HTTP/1.1" 302 7008 "-" "Mozilla/5.0 (Windows NT 10.0; Win64; x64) AppleWebKit/537.36 Chrome/120.0"
192.168.1.40 - - [21/Mar/2026:18:08:36 +0000] "POST /api/v1/payments HTTP/1.1" 304 8827 "-" "Mozilla/5.0 (Windows NT 10.0; Win64; x64) AppleWebKit/537.36 Chrome/120.0"
192.168.1.31 - - [21/Mar/2026:18:19:41 +0000] "GET /favicon.ico HTTP/1.1" 301 20793 "-" "Mozilla/5.0 (Windows NT 10.0; Win64; x64) AppleWebKit/537.36 Chrome/120.0"
10.0.2.4 - - [21/Mar/2026:18:32:07 +0000] "PATCH /api/v1/search HTTP/1.1" 301 48529 "-" "Mozilla/5.0 (Windows NT 10.0; Win64; x64) AppleWebKit/537.36 Chrome/120.0"
10.0.2.14 - - [21/Mar/2026:18:42:54 +0000] "DELETE /api/v1/payments HTTP/1.1" 400 38659 "-" "PostmanRuntime/7.35.0"
192.168.1.4 - - [21/Mar/2026:19:02:14 +0000] "PATCH /api/v1/dashboard HTTP/1.1" 201 43959 "-" "PostmanRuntime/7.35.0"
10.0.1.1 - - [21/Mar/2026:19:04:19 +0000] "PUT /static/js/app.js HTTP/1.1" 200 17674 "-" "Mozilla/5.0 (Windows NT 10.0; Win64; x64) AppleWebKit/537.36 Chrome/120.0"
192.168.1.12 - - [21/Mar/2026:19:09:07 +0000] "GET /api/v1/search HTTP/1.1" 301 27020 "-" "Mozilla/5.0 (Macintosh; Intel Mac OS X 14_0) Safari/605.1.15"
192.168.1.1 - - [21/Mar/2026:19:32:33 +0000] "GET /static/images/logo.png HTTP/1.1" 201 22577 "-" "curl/8.4.0"
192.168.1.23 - - [21/Mar/2026:19:54:44 +0000] "POST /api/v1/notifications HTTP/1.1" 200 6135 "-" "Mozilla/5.0 (Macintosh; Intel Mac OS X 14_0) Safari/605.1.15"
192.168.1.48 - - [21/Mar/2026:20:12:41 +0000] "GET /favicon.ico HTTP/1.1" 404 11297 "-" "Mozilla/5.0 (Windows NT 10.0; Win64; x64) AppleWebKit/537.36 Chrome/120.0"
10.0.3.9 - - [21/Mar/2026:20:27:53 +0000] "GET /api/v1/cart HTTP/1.1" 201 44822 "-" "PostmanRuntime/7.35.0"
192.168.1.49 - - [21/Mar/2026:20:36:05 +0000] "POST /api/v1/orders HTTP/1.1" 201 25058 "-" "PostmanRuntime/7.35.0"
10.0.2.4 - - [21/Mar/2026:20:47:00 +0000] "GET /api/v1/settings HTTP/1.1" 201 12536 "-" "Mozilla/5.0 (X11; Linux x86_64; rv:120.0) Gecko/20100101 Firefox/120.0"
192.168.1.46 - - [21/Mar/2026:20:49:21 +0000] "PATCH /api/v1/checkout HTTP/1.1" 301 17537 "-" "Mozilla/5.0 (Windows NT 10.0; Win64; x64) AppleWebKit/537.36 Chrome/120.0"
10.0.3.7 - - [21/Mar/2026:20:54:44 +0000] "GET /favicon.ico HTTP/1.1" 204 41554 "-" "PostmanRuntime/7.35.0"
192.168.1.10 - - [21/Mar/2026:21:19:40 +0000] "PATCH /health HTTP/1.1" 201 35455 "-" "python-requests/2.31.0"
10.0.4.6 - - [21/Mar/2026:21:19:45 +0000] "GET /api/v1/profile HTTP/1.1" 200 46052 "-" "python-requests/2.31.0"
10.0.2.1 - - [21/Mar/2026:21:31:24 +0000] "GET /api/v1/search HTTP/1.1" 201 30850 "-" "Mozilla/5.0 (X11; Linux x86_64; rv:120.0) Gecko/20100101 Firefox/120.0"
203.0.113.42 - - [21/Mar/2026:21:52:29 +0000] "POST /etc/passwd HTTP/1.1" 503 3969550 "-" "Mozilla/5.0 (X11; Linux x86_64; rv:120.0) Gecko/20100101 Firefox/120.0"
192.168.1.9 - - [21/Mar/2026:22:15:10 +0000] "GET /api/v1/products HTTP/1.1" 204 717 "-" "Mozilla/5.0 (Macintosh; Intel Mac OS X 14_0) Safari/605.1.15"
10.0.2.18 - - [21/Mar/2026:22:22:52 +0000] "GET /api/v1/products HTTP/1.1" 200 23662 "-" "Mozilla/5.0 (X11; Linux x86_64; rv:120.0) Gecko/20100101 Firefox/120.0"
192.168.1.48 - - [21/Mar/2026:22:43:14 +0000] "PUT /api/v1/notifications HTTP/1.1" 304 30113 "-" "python-requests/2.31.0"
10.0.4.6 - - [21/Mar/2026:22:48:20 +0000] "POST /static/css/main.css HTTP/1.1" 304 16752 "-" "PostmanRuntime/7.35.0"
10.0.2.19 - - [21/Mar/2026:23:18:44 +0000] "GET /api/v1/dashboard HTTP/1.1" 201 15555 "-" "python-requests/2.31.0"
10.0.4.4 - - [21/Mar/2026:23:26:07 +0000] "PUT /health HTTP/1.1" 201 2071 "-" "Mozilla/5.0 (Macintosh; Intel Mac OS X 14_0) Safari/605.1.15"
10.0.2.9 - - [21/Mar/2026:23:35:58 +0000] "DELETE /static/js/app.js HTTP/1.1" 200 37423 "-" "Mozilla/5.0 (Macintosh; Intel Mac OS X 14_0) Safari/605.1.15"
10.0.1.16 - - [26/Mar/2026:08:18:35 +0000] "PUT /api/v1/products HTTP/1.1" 400 34887 "-" "PostmanRuntime/7.35.0"
10.0.2.18 - - [21/Mar/2026:23:44:20 +0000] "PUT /api/v1/login HTTP/1.1" 405 20468 "-" "Mozilla/5.0 (Macintosh; Intel Mac OS X 14_0) Safari/605.1.15"
10.0.4.12 - - [22/Mar/2026:00:09:42 +0000] "GET /api/v1/notifications HTTP/1.1" 200 9865 "-" "Mozilla/5.0 (Macintosh; Intel Mac OS X 14_0) Safari/605.1.15"
10.0.2.10 - - [22/Mar/2026:00:15:06 +0000] "GET /api/v1/payments HTTP/1.1" 200 13524 "-" "curl/8.4.0"
10.0.1.14 - - [22/Mar/2026:00:17:38 +0000] "GET /static/images/logo.png HTTP/1.1" 304 24727 "-" "Mozilla/5.0 (Windows NT 10.0; Win64; x64) AppleWebKit/537.36 Chrome/120.0"
10.0.3.2 - - [22/Mar/2026:00:18:43 +0000] "GET /static/images/logo.png HTTP/1.1" 301 45995 "-" "Mozilla/5.0 (Macintosh; Intel Mac OS X 14_0) Safari/605.1.15"
10.0.3.10 - - [22/Mar/2026:00:29:32 +0000] "PUT /api/v1/cart HTTP/1.1" 302 6479 "-" "curl/8.4.0"
192.168.1.35 - - [22/Mar/2026:00:58:24 +0000] "GET /api/v1/settings HTTP/1.1" 400 44420 "-" "PostmanRuntime/7.35.0"
10.0.3.14 - - [22/Mar/2026:01:30:28 +0000] "POST /api/v1/admin HTTP/1.1" 204 48724 "-" "python-requests/2.31.0"
203.0.113.42 - - [22/Mar/2026:01:47:16 +0000] "PUT /etc/passwd HTTP/1.1" 401 63350 "-" "python-requests/2.31.0"
10.0.1.10 - - [22/Mar/2026:01:54:24 +0000] "GET /api/v1/search HTTP/1.1" 200 19987 "-" "curl/8.4.0"
10.0.3.12 - - [22/Mar/2026:01:58:46 +0000] "POST /api/v1/reports HTTP/1.1" 200 20587 "-" "curl/8.4.0"
10.0.4.18 - - [22/Mar/2026:02:05:50 +0000] "GET /api/v1/reports HTTP/1.1" 200 26297 "-" "PostmanRuntime/7.35.0"
192.168.1.28 - - [22/Mar/2026:02:08:45 +0000] "GET /api/v1/logout HTTP/1.1" 201 48216 "-" "Mozilla/5.0 (Windows NT 10.0; Win64; x64) AppleWebKit/537.36 Chrome/120.0"
10.0.3.17 - - [22/Mar/2026:02:15:30 +0000] "PUT /api/v1/users HTTP/1.1" 200 8637 "-" "python-requests/2.31.0"
10.0.4.11 - - [22/Mar/2026:02:26:32 +0000] "GET /favicon.ico HTTP/1.1" 404 26526 "-" "curl/8.4.0"
10.0.2.10 - - [22/Mar/2026:02:42:37 +0000] "GET /favicon.ico HTTP/1.1" 200 29708 "-" "python-requests/2.31.0"
10.0.4.16 - - [22/Mar/2026:03:09:19 +0000] "POST /static/images/logo.png HTTP/1.1" 405 7518 "-" "Mozilla/5.0 (Macintosh; Intel Mac OS X 14_0) Safari/605.1.15"
10.0.3.12 - - [22/Mar/2026:03:23:19 +0000] "DELETE /api/v1/logout HTTP/1.1" 200 22293 "-" "PostmanRuntime/7.35.0"
10.0.1.2 - - [22/Mar/2026:03:41:23 +0000] "POST /metrics HTTP/1.1" 302 30018 "-" "curl/8.4.0"
203.0.113.42 - - [22/Mar/2026:03:59:39 +0000] "GET /api/v1/login HTTP/1.1" 404 3147882 "-" "curl/8.4.0"
192.168.1.7 - - [22/Mar/2026:04:27:01 +0000] "POST /api/v1/payments HTTP/1.1" 201 27532 "-" "Mozilla/5.0 (Windows NT 10.0; Win64; x64) AppleWebKit/537.36 Chrome/120.0"
10.0.2.9 - - [22/Mar/2026:04:37:21 +0000] "POST /metrics HTTP/1.1" 200 48166 "-" "Mozilla/5.0 (Windows NT 10.0; Win64; x64) AppleWebKit/537.36 Chrome/120.0"
10.0.3.15 - - [22/Mar/2026:04:58:52 +0000] "GET /api/v1/logout HTTP/1.1" 204 8461 "-" "PostmanRuntime/7.35.0"
198.51.100.77 - - [22/Mar/2026:04:59:40 +0000] "GET /api/v1/checkout HTTP/1.1" 201 30217 "-" "PostmanRuntime/7.35.0"
10.0.4.12 - - [22/Mar/2026:05:17:18 +0000] "GET /api/v1/settings HTTP/1.1" 201 9817 "-" "python-requests/2.31.0"
192.168.1.26 - - [22/Mar/2026:05:28:38 +0000] "GET /api/v1/logout HTTP/1.1" 201 41929 "-" "PostmanRuntime/7.35.0"
10.0.3.16 - - [22/Mar/2026:05:37:54 +0000] "GET /api/v1/checkout HTTP/1.1" 301 48872 "-" "Mozilla/5.0 (Windows NT 10.0; Win64; x64) AppleWebKit/537.36 Chrome/120.0"
10.0.4.5 - - [22/Mar/2026:05:46:21 +0000] "PATCH /api/v1/search HTTP/1.1" 204 20070 "-" "python-requests/2.31.0"
10.0.1.14 - - [22/Mar/2026:06:01:15 +0000] "POST /api/v1/login HTTP/1.1" 201 31193 "-" "Mozilla/5.0 (Macintosh; Intel Mac OS X 14_0) Safari/605.1.15"
10.0.4.6 - - [22/Mar/2026:06:07:20 +0000] "GET /api/v1/payments HTTP/1.1" 201 44203 "-" "Mozilla/5.0 (Windows NT 10.0; Win64; x64) AppleWebKit/537.36 Chrome/120.0"
192.168.1.47 - - [22/Mar/2026:06:38:46 +0000] "POST /api/v1/checkout HTTP/1.1" 200 13774 "-" "Mozilla/5.0 (Windows NT 10.0; Win64; x64) AppleWebKit/537.36 Chrome/120.0"
192.168.1.34 - - [22/Mar/2026:06:44:08 +0000] "GET /api/v1/notifications HTTP/1.1" 204 41805 "-" "Mozilla/5.0 (X11; Linux x86_64; rv:120.0) Gecko/20100101 Firefox/120.0"
10.0.1.9 - - [22/Mar/2026:06:46:21 +0000] "GET /api/v1/settings HTTP/1.1" 200 40267 "-" "Mozilla/5.0 (X11; Linux x86_64; rv:120.0) Gecko/20100101 Firefox/120.0"
10.0.4.12 - - [22/Mar/2026:06:48:49 +0000] "POST /favicon.ico HTTP/1.1" 204 35684 "-" "curl/8.4.0"
192.168.1.4 - - [22/Mar/2026:06:49:47 +0000] "GET /api/v1/settings HTTP/1.1" 201 29323 "-" "Mozilla/5.0 (Macintosh; Intel Mac OS X 14_0) Safari/605.1.15"
172.16.0.101 - - [22/Mar/2026:07:31:58 +0000] "GET /api/v1/payments HTTP/1.1" 301 16957 "-" "curl/8.4.0"
203.0.113.42 - - [22/Mar/2026:08:22:19 +0000] "POST /api/v1/login HTTP/1.1" 401 4492537 "-" "Mozilla/5.0 (X11; Linux x86_64; rv:120.0) Gecko/20100101 Firefox/120.0"
10.0.4.14 - - [22/Mar/2026:08:43:33 +0000] "GET /metrics HTTP/1.1" 204 41111 "-" "Mozilla/5.0 (X11; Linux x86_64; rv:120.0) Gecko/20100101 Firefox/120.0"
10.0.4.1 - - [22/Mar/2026:08:51:07 +0000] "PATCH /api/v1/users HTTP/1.1" 302 18804 "-" "python-requests/2.31.0"
10.0.1.12 - - [22/Mar/2026:09:33:55 +0000] "GET /static/images/logo.png HTTP/1.1" 200 39988 "-" "Mozilla/5.0 (Windows NT 10.0; Win64; x64) AppleWebKit/537.36 Chrome/120.0"
10.0.1.7 - - [22/Mar/2026:09:36:58 +0000] "GET /api/v1/products HTTP/1.1" 204 11906 "-" "Mozilla/5.0 (Macintosh; Intel Mac OS X 14_0) Safari/605.1.15"
10.0.3.16 - - [22/Mar/2026:09:49:42 +0000] "POST /api/v1/admin HTTP/1.1" 302 27605 "-" "python-requests/2.31.0"
10.0.3.6 - - [22/Mar/2026:09:52:57 +0000] "POST /favicon.ico HTTP/1.1" 302 21025 "-" "python-requests/2.31.0"
10.0.3.14 - - [22/Mar/2026:10:09:09 +0000] "GET /api/v1/dashboard HTTP/1.1" 204 30603 "-" "Mozilla/5.0 (X11; Linux x86_64; rv:120.0) Gecko/20100101 Firefox/120.0"
10.0.4.10 - - [22/Mar/2026:10:20:28 +0000] "GET /api/v1/payments HTTP/1.1" 201 418 "-" "python-requests/2.31.0"
10.0.4.13 - - [22/Mar/2026:10:21:24 +0000] "POST /api/v1/products HTTP/1.1" 201 43001 "-" "curl/8.4.0"
10.0.3.19 - - [22/Mar/2026:10:30:21 +0000] "GET /api/v1/users HTTP/1.1" 204 9281 "-" "python-requests/2.31.0"
192.168.1.21 - - [22/Mar/2026:10:38:45 +0000] "POST /api/v1/reports HTTP/1.1" 403 21500 "-" "python-requests/2.31.0"
10.0.4.15 - - [22/Mar/2026:10:40:25 +0000] "POST /api/v1/admin HTTP/1.1" 200 39609 "-" "PostmanRuntime/7.35.0"
10.0.1.1 - - [22/Mar/2026:10:45:58 +0000] "DELETE /api/v1/payments HTTP/1.1" 201 47586 "-" "Mozilla/5.0 (Macintosh; Intel Mac OS X 14_0) Safari/605.1.15"
10.0.1.3 - - [22/Mar/2026:11:12:57 +0000] "GET /api/v1/profile HTTP/1.1" 200 2224 "-" "Mozilla/5.0 (Macintosh; Intel Mac OS X 14_0) Safari/605.1.15"
10.0.4.12 - - [22/Mar/2026:11:50:50 +0000] "GET /metrics HTTP/1.1" 201 16052 "-" "Mozilla/5.0 (Macintosh; Intel Mac OS X 14_0) Safari/605.1.15"
192.168.1.29 - - [22/Mar/2026:12:14:00 +0000] "PUT /api/v1/settings HTTP/1.1" 304 10637 "-" "Mozilla/5.0 (Macintosh; Intel Mac OS X 14_0) Safari/605.1.15"
192.168.1.18 - - [22/Mar/2026:12:19:44 +0000] "GET /api/v1/login HTTP/1.1" 301 26830 "-" "python-requests/2.31.0"
10.0.3.12 - - [22/Mar/2026:12:33:21 +0000] "GET /api/v1/reports HTTP/1.1" 404 47122 "-" "python-requests/2.31.0"
192.168.1.7 - - [22/Mar/2026:12:47:06 +0000] "GET /api/v1/login HTTP/1.1" 201 26309 "-" "PostmanRuntime/7.35.0"
10.0.3.7 - - [22/Mar/2026:12:53:44 +0000] "GET /static/js/app.js HTTP/1.1" 204 29038 "-" "curl/8.4.0"
192.168.1.27 - - [22/Mar/2026:13:12:36 +0000] "GET /api/v1/checkout HTTP/1.1" 302 38198 "-" "Mozilla/5.0 (Windows NT 10.0; Win64; x64) AppleWebKit/537.36 Chrome/120.0"
10.0.3.7 - - [22/Mar/2026:13:29:11 +0000] "GET /api/v1/settings HTTP/1.1" 200 16129 "-" "curl/8.4.0"
192.168.1.25 - - [22/Mar/2026:13:30:41 +0000] "GET /api/v1/logout HTTP/1.1" 201 46670 "-" "curl/8.4.0"
10.0.1.18 - - [22/Mar/2026:13:32:36 +0000] "GET /api/v1/notifications HTTP/1.1" 201 29715 "-" "PostmanRuntime/7.35.0"
10.0.2.3 - - [22/Mar/2026:14:05:15 +0000] "POST /api/v1/orders HTTP/1.1" 200 19102 "-" "Mozilla/5.0 (Windows NT 10.0; Win64; x64) AppleWebKit/537.36 Chrome/120.0"
