10.0.2.16 - - [31/Mar/2026:13:06:36 +0000] "GET /static/images/logo.png HTTP/1.1" 200 20470 "-" "Mozilla/5.0 (X11; Linux x86_64; rv:120.0) Gecko/20100101 Firefox/120.0"
192.168.1.1 - - [31/Mar/2026:13:17:45 +0000] "GET /api/v1/dashboard HTTP/1.1" 200 33130 "-" "curl/8.4.0"
10.0.4.17 - - [31/Mar/2026:13:21:11 +0000] "GET /api/v1/settings HTTP/1.1" 204 48483 "-" "curl/8.4.0"
10.0.2.5 - - [31/Mar/2026:13:33:14 +0000] "PATCH /api/v1/dashboard HTTP/1.1" 302 49047 "-" "Mozilla/5.0 (Windows NT 10.0; Win64; x64) AppleWebKit/537.36 Chrome/120.0"
192.168.1.34 - - [31/Mar/2026:13:44:34 +0000] "GET /api/v1/payments HTTP/1.1" 200 9434 "-" "PostmanRuntime/7.35.0"
192.168.1.38 - - [31/Mar/2026:13:56:45 +0000] "GET /api/v1/search HTTP/1.1" 200 20230 "-" "PostmanRuntime/7.35.0"
10.0.2.5 - - [31/Mar/2026:14:18:58 +0000] "GET /api/v1/checkout HTTP/1.1" 204 7590 "-" "Mozilla/5.0 (X11; Linux x86_64; rv:120.0) Gecko/20100101 Firefox/120.0"
192.168.1.29 - - [31/Mar/2026:14:35:43 +0000] "GET /metrics HTTP/1.1" 201 26824 "-" "python-requests/2.31.0"
10.0.2.4 - - [31/Mar/2026:15:12:09 +0000] "POST /static/js/app.js HTTP/1.1" 200 10743 "-" "python-requests/2.31.0"
192.168.1.29 - - [31/Mar/2026:15:26:12 +0000] "POST /api/v1/users HTTP/1.1" 200 28510 "-" "curl/8.4.0"
192.168.1.44 - - [31/Mar/2026:15:32:08 +0000] "POST /api/v1/login HTTP/1.1" 200 13091 "-" "PostmanRuntime/7.35.0"
10.0.2.19 - - [31/Mar/2026:15:32:10 +0000] "GET /api/v1/dashboard HTTP/1.1" 200 6515 "-" "Mozilla/5.0 (Windows NT 10.0; Win64; x64) AppleWebKit/537.36 Chrome/120.0"
192.168.1.12 - - [31/Mar/2026:15:56:01 +0000] "GET /api/v1/payments HTTP/1.1" 201 34898 "-" "Mozilla/5.0 (Macintosh; Intel Mac OS X 14_0) Safari/605.1.15"
192.168.1.1 - - [31/Mar/2026:15:57:09 +0000] "PATCH /static/images/logo.png HTTP/1.1" 301 27589 "-" "python-requests/2.31.0"
192.168.1.16 - - [31/Mar/2026:16:01:07 +0000] "GET /api/v1/dashboard HTTP/1.1" 204 28524 "-" "Mozilla/5.0 (Macintosh; Intel Mac OS X 14_0) Safari/605.1.15"
10.0.4.6 - - [31/Mar/2026:16:01:56 +0000] "PATCH /api/v1/cart HTTP/1.1" 200 36625 "-" "Mozilla/5.0 (Macintosh; Intel Mac OS X 14_0) Safari/605.1.15"
10.0.3.12 - - [31/Mar/2026:16:56:20 +0000] "POST /api/v1/search HTTP/1.1" 200 31896 "-" "curl/8.4.0"
192.168.1.22 - - [31/Mar/2026:17:09:40 +0000] "POST /favicon.ico HTTP/1.1" 200 41560 "-" "python-requests/2.31.0"
10.0.3.17 - - [31/Mar/2026:17:28:25 +0000] "GET /api/v1/notifications HTTP/1.1" 200 28646 "-" "python-requests/2.31.0"
192.168.1.28 - - [31/Mar/2026:17:41:16 +0000] "GET /api/v1/logout HTTP/1.1" 200 43704 "-" "python-requests/2.31.0"
10.0.1.3 - - [31/Mar/2026:17:50:26 +0000] "PATCH /metrics HTTP/1.1" 200 44307 "-" "python-requests/2.31.0"
10.0.1.9 - - [31/Mar/2026:17:52:15 +0000] "GET /api/v1/payments HTTP/1.1" 201 39527 "-" "PostmanRuntime/7.35.0"
10.0.4.17 - - [31/Mar/2026:17:59:56 +0000] "GET /api/v1/users HTTP/1.1" 201 31806 "-" "curl/8.4.0"
192.168.1.12 - - [31/Mar/2026:18:30:15 +0000] "GET /favicon.ico HTTP/1.1" 301 38342 "-" "Mozilla/5.0 (Macintosh; Intel Mac OS X 14_0) Safari/605.1.15"
203.0.113.42 - - [31/Mar/2026:18:41:37 +0000] "DELETE /api/v1/admin HTTP/1.1" 504 79 "-" "curl/8.4.0"
192.168.1.30 - - [31/Mar/2026:18:50:36 +0000] "GET /static/js/app.js HTTP/1.1" 301 23291 "-" "python-requests/2.31.0"
10.0.1.15 - - [31/Mar/2026:19:06:23 +0000] "POST /api/v1/profile HTTP/1.1" 201 32802 "-" "Mozilla/5.0 (Macintosh; Intel Mac OS X 14_0) Safari/605.1.15"
192.168.1.5 - - [31/Mar/2026:19:21:26 +0000] "PATCH /api/v1/orders HTTP/1.1" 301 24898 "-" "Mozilla/5.0 (X11; Linux x86_64; rv:120.0) Gecko/20100101 Firefox/120.0"
10.0.3.16 - - [31/Mar/2026:20:09:45 +0000] "POST /api/v1/payments HTTP/1.1" 204 23393 "-" "python-requests/2.31.0"
192.168.1.36 - - [31/Mar/2026:20:13:41 +0000] "GET /api/v1/search HTTP/1.1" 201 33441 "-" "python-requests/2.31.0"
192.168.1.42 - - [31/Mar/2026:20:17:09 +0000] "GET /api/v1/cart HTTP/1.1" 204 44185 "-" "curl/8.4.0"
192.168.1.3 - - [31/Mar/2026:20:17:30 +0000] "PUT /api/v1/profile HTTP/1.1" 304 38167 "-" "python-requests/2.31.0"
203.0.113.42 - - [31/Mar/2026:20:31:31 +0000] "POST /api/v1/admin HTTP/1.1" 429 2604438 "-" "curl/8.4.0"
192.168.1.6 - - [31/Mar/2026:20:31:44 +0000] "POST /static/images/logo.png HTTP/1.1" 302 30168 "-" "Mozilla/5.0 (X11; Linux x86_64; rv:120.0) Gecko/20100101 Firefox/120.0"
172.16.0.101 - - [31/Mar/2026:20:39:49 +0000] "GET /api/v1/admin HTTP/1.1" 301 37619 "-" "Mozilla/5.0 (X11; Linux x86_64; rv:120.0) Gecko/20100101 Firefox/120.0"
192.168.1.20 - - [31/Mar/2026:20:43:12 +0000] "PATCH /api/v1/search HTTP/1.1" 302 33234 "-" "Mozilla/5.0 (X11; Linux x86_64; rv:120.0) Gecko/20100101 Firefox/120.0"
10.0.4.13 - - [31/Mar/2026:20:44:41 +0000] "GET /api/v1/notifications HTTP/1.1" 204 41482 "-" "Mozilla/5.0 (X11; Linux x86_64; rv:120.0) Gecko/20100101 Firefox/120.0"
192.168.1.28 - - [31/Mar/2026:20:54:56 +0000] "PATCH /api/v1/profile HTTP/1.1" 302 35176 "-" "Mozilla/5.0 (Windows NT 10.0; Win64; x64) AppleWebKit/537.36 Chrome/120.0"
10.0.2.13 - - [31/Mar/2026:21:08:44 +0000] "GET /metrics HTTP/1.1" 200 42143 "-" "python-requests/2.31.0"
192.168.1.3 - - [31/Mar/2026:21:19:03 +0000] "GET /api/v1/payments HTTP/1.1" 200 2257 "-" "Mozilla/5.0 (Macintosh; Intel Mac OS X 14_0) Safari/605.1.15"
10.0.4.12 - - [31/Mar/2026:21:46:27 +0000] "GET /api/v1/dashboard HTTP/1.1" 201 39641 "-" "Mozilla/5.0 (Windows NT 10.0; Win64; x64) AppleWebKit/537.36 Chrome/120.0"
203.0.113.42 - - [31/Mar/2026:21:47:42 +0000] "GET /api/v1/admin HTTP/1.1" 401 98 "-" "Mozilla/5.0 (Windows NT 10.0; Win64; x64) AppleWebKit/537.36 Chrome/120.0"
192.168.1.49 - - [31/Mar/2026:22:05:20 +0000] "DELETE /api/v1/login HTTP/1.1" 201 20196 "-" "PostmanRuntime/7.35.0"
10.0.1.12 - - [31/Mar/2026:22:17:52 +0000] "POST /static/css/main.css HTTP/1.1" 201 48926 "-" "Mozilla/5.0 (Windows NT 10.0; Win64; x64) AppleWebKit/537.36 Chrome/120.0"
10.0.4.1 - - [31/Mar/2026:22:25:59 +0000] "PATCH /api/v1/cart HTTP/1.1" 200 29499 "-" "Mozilla/5.0 (X11; Linux x86_64; rv:120.0) Gecko/20100101 Firefox/120.0"
192.168.1.13 - - [31/Mar/2026:22:42:03 +0000] "GET /api/v1/login HTTP/1.1" 301 47399 "-" "curl/8.4.0"
10.0.3.17 - - [31/Mar/2026:22:44:13 +0000] "GET /metrics HTTP/1.1" 201 13523 "-" "Mozilla/5.0 (Windows NT 10.0; Win64; x64) AppleWebKit/537.36 Chrome/120.0"
10.0.3.5 - - [31/Mar/2026:23:02:21 +0000] "GET /api/v1/products HTTP/1.1" 204 37249 "-" "Mozilla/5.0 (Macintosh; Intel Mac OS X 14_0) Safari/605.1.15"
10.0.2.8 - - [31/Mar/2026:23:37:06 +0000] "GET /health HTTP/1.1" 200 31647 "-" "PostmanRuntime/7.35.0"
192.168.1.31 - - [01/Apr/2026:00:06:08 +0000] "POST /api/v1/payments HTTP/1.1" 201 42322 "-" "Mozilla/5.0 (Windows NT 10.0; Win64; x64) AppleWebKit/537.36 Chrome/120.0"
203.0.113.42 - - [01/Apr/2026:00:32:06 +0000] "GET /api/v1/login HTTP/1.1" 500 2529894 "-" "Mozilla/5.0 (X11; Linux x86_64; rv:120.0) Gecko/20100101 Firefox/120.0"
192.168.1.12 - - [01/Apr/2026:01:02:14 +0000] "GET /api/v1/checkout HTTP/1.1" 301 27852 "-" "python-requests/2.31.0"
10.0.3.16 - - [01/Apr/2026:01:02:23 +0000] "PUT /api/v1/admin HTTP/1.1" 200 2730 "-" "curl/8.4.0"
192.168.1.33 - - [01/Apr/2026:01:27:22 +0000] "GET /api/v1/admin HTTP/1.1" 204 28786 "-" "curl/8.4.0"
10.0.4.3 - - [01/Apr/2026:01:39:06 +0000] "PUT /api/v1/payments HTTP/1.1" 403 12048 "-" "Mozilla/5.0 (Windows NT 10.0; Win64; x64) AppleWebKit/537.36 Chrome/120.0"
10.0.2.17 - - [01/Apr/2026:01:46:32 +0000] "GET /favicon.ico HTTP/1.1" 301 19526 "-" "curl/8.4.0"
10.0.1.18 - - [01/Apr/2026:01:59:41 +0000] "GET /static/css/main.css HTTP/1.1" 400 20095 "-" "python-requests/2.31.0"
10.0.2.16 - - [01/Apr/2026:02:00:33 +0000] "GET /api/v1/cart HTTP/1.1" 204 21581 "-" "Mozilla/5.0 (Macintosh; Intel Mac OS X 14_0) Safari/605.1.15"
10.0.1.11 - - [01/Apr/2026:02:27:14 +0000] "POST /api/v1/settings HTTP/1.1" 200 5563 "-" "Mozilla/5.0 (Macintosh; Intel Mac OS X 14_0) Safari/605.1.15"
10.0.3.3 - - [01/Apr/2026:03:40:17 +0000] "GET /api/v1/payments HTTP/1.1" 301 39255 "-" "Mozilla/5.0 (Windows NT 10.0; Win64; x64) AppleWebKit/537.36 Chrome/120.0"
203.0.113.42 - - [01/Apr/2026:03:47:19 +0000] "GET /etc/passwd HTTP/1.1" 502 8 "-" "curl/8.4.0"
192.168.1.37 - - [01/Apr/2026:04:05:38 +0000] "POST /api/v1/notifications HTTP/1.1" 204 28092 "-" "Mozilla/5.0 (X11; Linux x86_64; rv:120.0) Gecko/20100101 Firefox/120.0"
10.0.1.15 - - [01/Apr/2026:04:10:07 +0000] "POST /static/images/logo.png HTTP/1.1" 201 44443 "-" "Mozilla/5.0 (X11; Linux x86_64; rv:120.0) Gecko/20100101 Firefox/120.0"
192.168.1.44 - - [01/Apr/2026:04:10:58 +0000] "GET /api/v1/profile HTTP/1.1" 200 22893 "-" "Mozilla/5.0 (Macintosh; Intel Mac OS X 14_0) Safari/605.1.15"
10.0.2.13 - - [01/Apr/2026:04:31:22 +0000] "GET /api/v1/products HTTP/1.1" 405 21675 "-" "curl/8.4.0"
192.168.1.22 - - [01/Apr/2026:04:32:57 +0000] "GET /api/v1/login HTTP/1.1" 201 3622 "-" "python-requests/2.31.0"
192.168.1.13 - - [01/Apr/2026:04:52:36 +0000] "GET /metrics HTTP/1.1" 200 29575 "-" "curl/8.4.0"
10.0.4.15 - - [01/Apr/2026:05:00:18 +0000] "GET /api/v1/admin HTTP/1.1" 204 23571 "-" "Mozilla/5.0 (Macintosh; Intel Mac OS X 14_0) Safari/605.1.15"
10.0.2.8 - - [01/Apr/2026:05:19:39 +0000] "GET /api/v1/notifications HTTP/1.1" 200 38248 "-" "Mozilla/5.0 (X11; Linux x86_64; rv:120.0) Gecko/20100101 Firefox/120.0"
10.0.4.12 - - [01/Apr/2026:05:29:16 +0000] "GET /api/v1/profile HTTP/1.1" 304 39720 "-" "Mozilla/5.0 (Macintosh; Intel Mac OS X 14_0) Safari/605.1.15"
203.0.113.42 - - [01/Apr/2026:05:42:29 +0000] "GET /etc/passwd HTTP/1.1" 500 1096996 "-" "Mozilla/5.0 (Macintosh; Intel Mac OS X 14_0) Safari/605.1.15"
192.168.1.18 - - [01/Apr/2026:05:46:06 +0000] "POST /api/v1/cart HTTP/1.1" 304 34355 "-" "python-requests/2.31.0"
10.0.4.4 - - [01/Apr/2026:05:52:46 +0000] "PATCH /static/js/app.js HTTP/1.1" 201 35258 "-" "Mozilla/5.0 (Macintosh; Intel Mac OS X 14_0) Safari/605.1.15"
192.168.1.18 - - [01/Apr/2026:06:12:40 +0000] "GET /api/v1/payments HTTP/1.1" 201 31343 "-" "Mozilla/5.0 (Macintosh; Intel Mac OS X 14_0) Safari/605.1.15"
203.0.113.42 - - [01/Apr/2026:06:23:06 +0000] "GET /etc/passwd HTTP/1.1" 401 3784359 "-" "Mozilla/5.0 (X11; Linux x86_64; rv:120.0) Gecko/20100101 Firefox/120.0"
10.0.1.6 - - [01/Apr/2026:06:23:51 +0000] "PATCH /api/v1/cart HTTP/1.1" 201 33745 "-" "Mozilla/5.0 (Windows NT 10.0; Win64; x64) AppleWebKit/537.36 Chrome/120.0"
192.168.1.28 - - [01/Apr/2026:06:24:27 +0000] "GET /static/css/main.css HTTP/1.1" 200 18498 "-" "curl/8.4.0"
10.0.4.17 - - [01/Apr/2026:06:43:57 +0000] "GET /api/v1/dashboard HTTP/1.1" 401 39029 "-" "curl/8.4.0"
192.168.1.17 - - [01/Apr/2026:07:06:44 +0000] "PATCH /api/v1/cart HTTP/1.1" 200 26155 "-" "Mozilla/5.0 (Macintosh; Intel Mac OS X 14_0) Safari/605.1.15"
10.0.1.17 - - [01/Apr/2026:07:31:47 +0000] "DELETE /favicon.ico HTTP/1.1" 302 17369 "-" "Mozilla/5.0 (X11; Linux x86_64; rv:120.0) Gecko/20100101 Firefox/120.0"
203.0.113.42 - - [01/Apr/2026:07:36:35 +0000] "POST /api/v1/login HTTP/1.1" 500 70 "-" "curl/8.4.0"
203.0.113.42 - - [01/Apr/2026:08:01:41 +0000] "PUT /etc/passwd HTTP/1.1" 503 762900 "-" "python-requests/2.31.0"
10.0.2.6 - - [01/Apr/2026:08:08:05 +0000] "GET /api/v1/profile HTTP/1.1" 201 48442 "-" "python-requests/2.31.0"
10.0.2.9 - - [01/Apr/2026:08:10:41 +0000] "POST /metrics HTTP/1.1" 301 38396 "-" "Mozilla/5.0 (X11; Linux x86_64; rv:120.0) Gecko/20100101 Firefox/120.0"
10.0.3.8 - - [01/Apr/2026:09:46:17 +0000] "PUT /static/css/main.css HTTP/1.1" 201 46729 "-" "python-requests/2.31.0"
192.168.1.33 - - [01/Apr/2026:09:47:49 +0000] "PATCH /api/v1/products HTTP/1.1" 304 3564 "-" "Mozilla/5.0 (Macintosh; Intel Mac OS X 14_0) Safari/605.1.15"
10.0.4.7 - - [01/Apr/2026:09:52:29 +0000] "POST /api/v1/notifications HTTP/1.1" 302 40124 "-" "PostmanRuntime/7.35.0"
192.168.1.19 - - [01/Apr/2026:09:55:38 +0000] "PUT /api/v1/profile HTTP/1.1" 204 12490 "-" "PostmanRuntime/7.35.0"
10.0.4.10 - - [01/Apr/2026:10:02:36 +0000] "DELETE /api/v1/notifications HTTP/1.1" 200 21706 "-" "python-requests/2.31.0"
10.0.1.19 - - [01/Apr/2026:10:02:45 +0000] "PATCH /api/v1/products HTTP/1.1" 302 13707 "-" "curl/8.4.0"
192.168.1.41 - - [01/Apr/2026:10:07:37 +0000] "POST /api/v1/dashboard HTTP/1.1" 405 7068 "-" "Mozilla/5.0 (Windows NT 10.0; Win64; x64) AppleWebKit/537.36 Chrome/120.0"
10.0.1.7 - - [01/Apr/2026:10:08:12 +0000] "POST /api/v1/search HTTP/1.1" 204 22594 "-" "curl/8.4.0"
192.168.1.30 - - [01/Apr/2026:10:09:42 +0000] "PUT /health HTTP/1.1" 201 32423 "-" "python-requests/2.31.0"
10.0.2.19 - - [01/Apr/2026:10:29:42 +0000] "POST /api/v1/users HTTP/1.1" 302 40648 "-" "PostmanRuntime/7.35.0"
192.168.1.43 - - [01/Apr/2026:10:51:55 +0000] "PUT /api/v1/notifications HTTP/1.1" 201 3279 "-" "Mozilla/5.0 (X11; Linux x86_64; rv:120.0) Gecko/20100101 Firefox/120.0"
10.0.4.3 - - [01/Apr/2026:11:16:24 +0000] "PATCH /health HTTP/1.1" 200 24688 "-" "Mozilla/5.0 (Windows NT 10.0; Win64; x64) AppleWebKit/537.36 Chrome/120.0"
10.0.2.13 - - [01/Apr/2026:11:17:39 +0000] "POST /static/images/logo.png HTTP/1.1" 302 49649 "-" "PostmanRuntime/7.35.0"
192.168.1.4 - - [01/Apr/2026:11:22:27 +0000] "PUT /api/v1/settings HTTP/1.1" 200 44327 "-" "curl/8.4.0"
203.0.113.42 - - [01/Apr/2026:11:25:15 +0000] "GET /etc/passwd HTTP/1.1" 429 2135573 "-" "Mozilla/5.0 (Macintosh; Intel Mac OS X 14_0) Safari/605.1.15"
10.0.2.11 - - [01/Apr/2026:11:35:55 +0000] "GET /api/v1/settings HTTP/1.1" 201 16148 "-" "PostmanRuntime/7.35.0"
192.168.1.16 - - [01/Apr/2026:11:38:00 +0000] "POST /api/v1/settings HTTP/1.1" 304 6823 "-" "python-requests/2.31.0"
192.168.1.11 - - [01/Apr/2026:12:01:30 +0000] "GET /api/v1/login HTTP/1.1" 304 19817 "-" "Mozilla/5.0 (Macintosh; Intel Mac OS X 14_0) Safari/605.1.15"
10.0.1.4 - - [01/Apr/2026:12:06:30 +0000] "GET /api/v1/settings HTTP/1.1" 401 34995 "-" "curl/8.4.0"
10.0.3.16 - - [01/Apr/2026:13:19:36 +0000] "GET /api/v1/notifications HTTP/1.1" 200 45433 "-" "Mozilla/5.0 (X11; Linux x86_64; rv:120.0) Gecko/20100101 Firefox/120.0"
10.0.3.16 - - [01/Apr/2026:13:42:18 +0000] "POST /api/v1/search HTTP/1.1" 201 40745 "-" "Mozilla/5.0 (Windows NT 10.0; Win64; x64) AppleWebKit/537.36 Chrome/120.0"
10.0.2.18 - - [01/Apr/2026:13:43:08 +0000] "POST /api/v1/reports HTTP/1.1" 200 41675 "-" "Mozilla/5.0 (X11; Linux x86_64; rv:120.0) Gecko/20100101 Firefox/120.0"
10.0.1.15 - - [01/Apr/2026:13:45:45 +0000] "GET /api/v1/settings HTTP/1.1" 304 24813 "-" "Mozilla/5.0 (Macintosh; Intel Mac OS X 14_0) Safari/605.1.15"
192.168.1.48 - - [01/Apr/2026:13:52:12 +0000] "GET /api/v1/products HTTP/1.1" 200 19217 "-" "Mozilla/5.0 (Macintosh; Intel Mac OS X 14_0) Safari/605.1.15"
192.168.1.11 - - [01/Apr/2026:13:56:25 +0000] "POST /static/js/app.js HTTP/1.1" 400 31102 "-" "curl/8.4.0"
192.168.1.8 - - [01/Apr/2026:14:05:10 +0000] "DELETE /static/images/logo.png HTTP/1.1" 204 42808 "-" "curl/8.4.0"
10.0.3.1 - - [01/Apr/2026:14:12:55 +0000] "PATCH /api/v1/profile HTTP/1.1" 200 5587 "-" "curl/8.4.0"
10.0.1.17 - - [01/Apr/2026:14:13:21 +0000] "GET /api/v1/reports HTTP/1.1" 200 7070 "-" "python-requests/2.31.0"
10.0.4.13 - - [01/Apr/2026:14:44:44 +0000] "PATCH /api/v1/settings HTTP/1.1" 204 13617 "-" "Mozilla/5.0 (X11; Linux x86_64; rv:120.0) Gecko/20100101 Firefox/120.0"
10.0.2.9 - - [01/Apr/2026:15:10:06 +0000] "GET /api/v1/checkout HTTP/1.1" 200 24664 "-" "Mozilla/5.0 (Windows NT 10.0; Win64; x64) AppleWebKit/537.36 Chrome/120.0"
203.0.113.42 - - [01/Apr/2026:15:27:05 +0000] "GET /api/v1/login HTTP/1.1" 500 4131950 "-" "Mozilla/5.0 (Macintosh; Intel Mac OS X 14_0) Safari/605.1.15"
192.168.1.27 - - [01/Apr/2026:16:06:41 +0000] "GET /api/v1/checkout HTTP/1.1" 301 29906 "-" "Mozilla/5.0 (Windows NT 10.0; Win64; x64) AppleWebKit/537.36 Chrome/120.0"
10.0.1.10 - - [01/Apr/2026:16:11:03 +0000] "POST /api/v1/search HTTP/1.1" 401 37905 "-" "curl/8.4.0"
192.168.1.12 - - [01/Apr/2026:16:46:44 +0000] "GET /api/v1/dashboard HTTP/1.1" 201 49756 "-" "PostmanRuntime/7.35.0"
192.168.1.1 - - [01/Apr/2026:16:56:55 +0000] "POST /api/v1/payments HTTP/1.1" 204 18433 "-" "python-requests/2.31.0"
10.0.2.2 - - [01/Apr/2026:17:03:25 +0000] "DELETE /api/v1/admin HTTP/1.1" 200 46528 "-" "Mozilla/5.0 (Macintosh; Intel Mac OS X 14_0) Safari/605.1.15"
10.0.2.17 - - [01/Apr/2026:17:08:43 +0000] "POST /api/v1/notifications HTTP/1.1" 200 32375 "-" "Mozilla/5.0 (Windows NT 10.0; Win64; x64) AppleWebKit/537.36 Chrome/120.0"
10.0.1.2 - - [01/Apr/2026:17:09:46 +0000] "GET /api/v1/reports HTTP/1.1" 302 36896 "-" "Mozilla/5.0 (Windows NT 10.0; Win64; x64) AppleWebKit/537.36 Chrome/120.0"
10.0.3.12 - - [01/Apr/2026:17:33:43 +0000] "PUT /api/v1/checkout HTTP/1.1" 302 2501 "-" "Mozilla/5.0 (Macintosh; Intel Mac OS X 14_0) Safari/605.1.15"
10.0.1.5 - - [01/Apr/2026:17:48:08 +0000] "POST /static/js/app.js HTTP/1.1" 400 33443 "-" "curl/8.4.0"
10.0.4.15 - - [01/Apr/2026:18:10:39 +0000] "GET /api/v1/admin HTTP/1.1" 404 14778 "-" "PostmanRuntime/7.35.0"
10.0.3.17 - - [01/Apr/2026:18:47:19 +0000] "GET /static/css/main.css HTTP/1.1" 201 16654 "-" "Mozilla/5.0 (Windows NT 10.0; Win64; x64) AppleWebKit/537.36 Chrome/120.0"
192.168.1.3 - - [01/Apr/2026:19:08:09 +0000] "POST /metrics HTTP/1.1" 400 23079 "-" "Mozilla/5.0 (Macintosh; Intel Mac OS X 14_0) Safari/605.1.15"
10.0.4.2 - - [01/Apr/2026:19:24:23 +0000] "PATCH /api/v1/payments HTTP/1.1" 204 26145 "-" "Mozilla/5.0 (Macintosh; Intel Mac OS X 14_0) Safari/605.1.15"
192.168.1.43 - - [01/Apr/2026:19:25:40 +0000] "PATCH /api/v1/checkout HTTP/1.1" 200 11366 "-" "Mozilla/5.0 (Macintosh; Intel Mac OS X 14_0) Safari/605.1.15"
192.168.1.9 - - [01/Apr/2026:19:28:45 +0000] "POST /api/v1/admin HTTP/1.1" 201 8978 "-" "Mozilla/5.0 (Windows NT 10.0; Win64; x64) AppleWebKit/537.36 Chrome/120.0"
10.0.2.4 - - [01/Apr/2026:19:45:06 +0000] "GET /api/v1/login HTTP/1.1" 301 32623 "-" "PostmanRuntime/7.35.0"
10.0.2.2 - - [01/Apr/2026:20:04:56 +0000] "GET /api/v1/search HTTP/1.1" 200 24529 "-" "Mozilla/5.0 (Macintosh; Intel Mac OS X 14_0) Safari/605.1.15"
192.168.1.20 - - [01/Apr/2026:20:13:12 +0000] "GET /static/css/main.css HTTP/1.1" 301 20487 "-" "Mozilla/5.0 (Windows NT 10.0; Win64; x64) AppleWebKit/537.36 Chrome/120.0"
192.168.1.37 - - [01/Apr/2026:20:30:39 +0000] "GET /api/v1/checkout HTTP/1.1" 204 30714 "-" "Mozilla/5.0 (Windows NT 10.0; Win64; x64) AppleWebKit/537.36 Chrome/120.0"
10.0.4.16 - - [01/Apr/2026:20:36:30 +0000] "GET /api/v1/dashboard HTTP/1.1" 405 37839 "-" "curl/8.4.0"
192.168.1.46 - - [01/Apr/2026:20:56:56 +0000] "GET /static/css/main.css HTTP/1.1" 304 9647 "-" "Mozilla/5.0 (Macintosh; Intel Mac OS X 14_0) Safari/605.1.15"
10.0.1.19 - - [01/Apr/2026:20:58:25 +0000] "PUT /favicon.ico HTTP/1.1" 301 11497 "-" "curl/8.4.0"
192.168.1.14 - - [01/Apr/2026:22:03:17 +0000] "GET /api/v1/profile HTTP/1.1" 201 28486 "-" "Mozilla/5.0 (Windows NT 10.0; Win64; x64) AppleWebKit/537.36 Chrome/120.0"
10.0.1.7 - - [01/Apr/2026:22:25:16 +0000] "GET /api/v1/users HTTP/1.1" 200 26372 "-" "curl/8.4.0"
192.168.1.44 - - [01/Apr/2026:22:37:28 +0000] "GET /api/v1/orders HTTP/1.1" 302 2283 "-" "python-requests/2.31.0"
10.0.1.12 - - [01/Apr/2026:22:45:00 +0000] "GET /api/v1/reports HTTP/1.1" 301 4792 "-" "python-requests/2.31.0"
10.0.3.18 - - [01/Apr/2026:22:50:06 +0000] "PATCH /health HTTP/1.1" 200 22414 "-" "curl/8.4.0"
10.0.2.13 - - [01/Apr/2026:22:51:31 +0000] "GET /api/v1/products HTTP/1.1" 204 9149 "-" "Mozilla/5.0 (X11; Linux x86_64; rv:120.0) Gecko/20100101 Firefox/120.0"
192.168.1.4 - - [01/Apr/2026:22:56:05 +0000] "GET /api/v1/notifications HTTP/1.1" 200 30443 "-" "Mozilla/5.0 (Windows NT 10.0; Win64; x64) AppleWebKit/537.36 Chrome/120.0"
192.168.1.9 - - [01/Apr/2026:23:07:38 +0000] "POST /api/v1/payments HTTP/1.1" 200 7353 "-" "Mozilla/5.0 (Macintosh; Intel Mac OS X 14_0) Safari/605.1.15"
10.0.3.11 - - [01/Apr/2026:23:15:38 +0000] "POST /static/js/app.js HTTP/1.1" 201 5152 "-" "PostmanRuntime/7.35.0"
192.168.1.37 - - [01/Apr/2026:23:18:50 +0000] "GET /api/v1/users HTTP/1.1" 302 16838 "-" "Mozilla/5.0 (X11; Linux x86_64; rv:120.0) Gecko/20100101 Firefox/120.0"
10.0.2.11 - - [27/Mar/2026:18:53:34 +0000] "POST /api/v1/admin HTTP/1.1" 201 44572 "-" "Mozilla/5.0 (X11; Linux x86_64; rv:120.0) Gecko/20100101 Firefox/120.0"
10.0.2.4 - - [01/Apr/2026:23:34:10 +0000] "POST /api/v1/products HTTP/1.1" 429 7471 "-" "python-requests/2.31.0"
192.168.1.18 - - [01/Apr/2026:23:44:05 +0000] "GET /api/v1/users HTTP/1.1" 201 20279 "-" "Mozilla/5.0 (Macintosh; Intel Mac OS X 14_0) Safari/605.1.15"
192.168.1.38 - - [02/Apr/2026:00:14:43 +0000] "PUT /api/v1/profile HTTP/1.1" 201 8834 "-" "Mozilla/5.0 (Macintosh; Intel Mac OS X 14_0) Safari/605.1.15"
192.168.1.24 - - [02/Apr/2026:00:21:05 +0000] "POST /api/v1/users HTTP/1.1" 200 12067 "-" "Mozilla/5.0 (Macintosh; Intel Mac OS X 14_0) Safari/605.1.15"
10.0.2.2 - - [02/Apr/2026:00:59:24 +0000] "PUT /api/v1/orders HTTP/1.1" 404 43736 "-" "PostmanRuntime/7.35.0"
203.0.113.42 - - [02/Apr/2026:01:23:21 +0000] "GET /etc/passwd HTTP/1.1" 404 48 "-" "Mozilla/5.0 (Windows NT 10.0; Win64; x64) AppleWebKit/537.36 Chrome/120.0"
10.0.3.4 - - [02/Apr/2026:01:38:00 +0000] "GET /api/v1/cart HTTP/1.1" 401 31023 "-" "curl/8.4.0"
10.0.4.14 - - [02/Apr/2026:02:03:33 +0000] "POST /api/v1/profile HTTP/1.1" 301 1779 "-" "PostmanRuntime/7.35.0"
10.0.3.2 - - [02/Apr/2026:02:04:39 +0000] "PUT /api/v1/admin HTTP/1.1" 204 23187 "-" "Mozilla/5.0 (Windows NT 10.0; Win64; x64) AppleWebKit/537.36 Chrome/120.0"
192.168.1.34 - - [02/Apr/2026:02:47:38 +0000] "GET /health HTTP/1.1" 301 21149 "-" "python-requests/2.31.0"
192.168.1.24 - - [02/Apr/2026:02:49:40 +0000] "GET /api/v1/reports HTTP/1.1" 204 26716 "-" "PostmanRuntime/7.35.0"
10.0.3.19 - - [02/Apr/2026:03:09:21 +0000] "GET /static/images/logo.png HTTP/1.1" 201 33865 "-" "PostmanRuntime/7.35.0"
10.0.1.6 - - [02/Apr/2026:03:34:58 +0000] "GET /api/v1/login HTTP/1.1" 400 32981 "-" "python-requests/2.31.0"
10.0.4.11 - - [02/Apr/2026:03:50:34 +0000] "GET /static/js/app.js HTTP/1.1" 302 28925 "-" "PostmanRuntime/7.35.0"
192.168.1.23 - - [02/Apr/2026:03:57:11 +0000] "PATCH /api/v1/products HTTP/1.1" 204 32358 "-" "Mozilla/5.0 (X11; Linux x86_64; rv:120.0) Gecko/20100101 Firefox/120.0"
192.168.1.34 - - [02/Apr/2026:04:03:47 +0000] "GET /api/v1/profile HTTP/1.1" 200 26654 "-" "python-requests/2.31.0"
10.0.1.3 - - [02/Apr/2026:04:23:50 +0000] "GET /favicon.ico HTTP/1.1" 200 13135 "-" "Mozilla/5.0 (X11; Linux x86_64; rv:120.0) Gecko/20100101 Firefox/120.0"
10.0.2.4 - - [02/Apr/2026:04:30:23 +0000] "POST /static/js/app.js HTTP/1.1" 201 29628 "-" "Mozilla/5.0 (Windows NT 10.0; Win64; x64) AppleWebKit/537.36 Chrome/120.0"
192.168.1.31 - - [02/Apr/2026:04:59:52 +0000] "GET /static/js/app.js HTTP/1.1" 201 18177 "-" "curl/8.4.0"
192.168.1.3 - - [02/Apr/2026:05:06:43 +0000] "GET /api/v1/payments HTTP/1.1" 200 47835 "-" "curl/8.4.0"
192.168.1.38 - - [02/Apr/2026:05:15:26 +0000] "DELETE /api/v1/admin HTTP/1.1" 400 297 "-" "Mozilla/5.0 (Macintosh; Intel Mac OS X 14_0) Safari/605.1.15"
192.168.1.1 - - [02/Apr/2026:05:27:26 +0000] "GET /api/v1/users HTTP/1.1" 204 24900 "-" "Mozilla/5.0 (Macintosh; Intel Mac OS X 14_0) Safari/605.1.15"
10.0.3.17 - - [02/Apr/2026:05:41:00 +0000] "GET /health HTTP/1.1" 200 516 "-" "Mozilla/5.0 (Windows NT 10.0; Win64; x64) AppleWebKit/537.36 Chrome/120.0"
192.168.1.24 - - [02/Apr/2026:05:47:01 +0000] "GET /api/v1/products HTTP/1.1" 201 373 "-" "Mozilla/5.0 (Windows NT 10.0; Win64; x64) AppleWebKit/537.36 Chrome/120.0"
192.168.1.24 - - [02/Apr/2026:05:54:14 +0000] "GET /favicon.ico HTTP/1.1" 200 15607 "-" "Mozilla/5.0 (Macintosh; Intel Mac OS X 14_0) Safari/605.1.15"
10.0.1.3 - - [02/Apr/2026:06:03:53 +0000] "PATCH /health HTTP/1.1" 301 38025 "-" "PostmanRuntime/7.35.0"
192.168.1.12 - - [02/Apr/2026:06:49:14 +0000] "GET /static/images/logo.png HTTP/1.1" 302 22275 "-" "Mozilla/5.0 (X11; Linux x86_64; rv:120.0) Gecko/20100101 Firefox/120.0"
192.168.1.22 - - [02/Apr/2026:06:58:13 +0000] "PATCH /static/images/logo.png HTTP/1.1" 201 17109 "-" "curl/8.4.0"
192.168.1.13 - - [02/Apr/2026:07:30:47 +0000] "GET /metrics HTTP/1.1" 304 38832 "-" "python-requests/2.31.0"
10.0.1.8 - - [02/Apr/2026:07:41:10 +0000] "GET /api/v1/products HTTP/1.1" 400 47583 "-" "Mozilla/5.0 (Macintosh; Intel Mac OS X 14_0) Safari/605.1.15"
192.168.1.22 - - [02/Apr/2026:07:54:02 +0000] "PATCH /static/js/app.js HTTP/1.1" 304 21062 "-" "Mozilla/5.0 (Windows NT 10.0; Win64; x64) AppleWebKit/537.36 Chrome/120.0"
10.0.3.8 - - [02/Apr/2026:07:57:36 +0000] "POST /api/v1/settings HTTP/1.1" 204 49956 "-" "python-requests/2.31.0"
10.0.2.12 - - [02/Apr/2026:08:12:42 +0000] "GET /api/v1/users HTTP/1.1" 200 17224 "-" "PostmanRuntime/7.35.0"
203.0.113.42 - - [02/Apr/2026:08:33:49 +0000] "GET /api/v1/login HTTP/1.1" 400 301417 "-" "Mozilla/5.0 (X11; Linux x86_64; rv:120.0) Gecko/20100101 Firefox/120.0"
10.0.1.16 - - [02/Apr/2026:08:34:03 +0000] "GET /api/v1/checkout HTTP/1.1" 304 28507 "-" "curl/8.4.0"
192.168.1.14 - - [02/Apr/2026:08:48:43 +0000] "GET /static/images/logo.png HTTP/1.1" 200 42402 "-" "PostmanRuntime/7.35.0"
203.0.113.42 - - [02/Apr/2026:08:53:55 +0000] "POST /api/v1/admin HTTP/1.1" 502 19 "-" "PostmanRuntime/7.35.0"
10.0.2.6 - - [02/Apr/2026:09:03:39 +0000] "PATCH /api/v1/orders HTTP/1.1" 404 25829 "-" "Mozilla/5.0 (Macintosh; Intel Mac OS X 14_0) Safari/605.1.15"
203.0.113.42 - - [02/Apr/2026:09:11:58 +0000] "POST /api/v1/admin HTTP/1.1" 404 2774298 "-" "curl/8.4.0"
10.0.1.1 - - [02/Apr/2026:09:14:56 +0000] "GET /api/v1/payments HTTP/1.1" 403 14766 "-" "Mozilla/5.0 (X11; Linux x86_64; rv:120.0) Gecko/20100101 Firefox/120.0"
192.168.1.5 - - [02/Apr/2026:09:27:43 +0000] "GET /api/v1/logout HTTP/1.1" 200 6406 "-" "python-requests/2.31.0"
10.0.2.17 - - [02/Apr/2026:10:04:20 +0000] "GET /api/v1/products HTTP/1.1" 301 4751 "-" "PostmanRuntime/7.35.0"
10.0.2.16 - - [02/Apr/2026:10:26:52 +0000] "GET /api/v1/users HTTP/1.1" 201 26255 "-" "Mozilla/5.0 (Windows NT 10.0; Win64; x64) AppleWebKit/537.36 Chrome/120.0"
192.168.1.16 - - [02/Apr/2026:10:32:45 +0000] "GET /api/v1/payments HTTP/1.1" 200 17534 "-" "curl/8.4.0"
192.168.1.14 - - [02/Apr/2026:10:48:00 +0000] "GET /static/images/logo.png HTTP/1.1" 201 9592 "-" "curl/8.4.0"
192.168.1.23 - - [02/Apr/2026:11:05:03 +0000] "POST /api/v1/payments HTTP/1.1" 200 8533 "-" "python-requests/2.31.0"
10.0.4.4 - - [02/Apr/2026:11:15:15 +0000] "GET /api/v1/logout HTTP/1.1" 200 43117 "-" "Mozilla/5.0 (X11; Linux x86_64; rv:120.0) Gecko/20100101 Firefox/120.0"
10.0.3.9 - - [02/Apr/2026:11:39:29 +0000] "GET /api/v1/reports HTTP/1.1" 201 21505 "-" "Mozilla/5.0 (Macintosh; Intel Mac OS X 14_0) Safari/605.1.15"
10.0.1.18 - - [02/Apr/2026:11:44:25 +0000] "GET /api/v1/login HTTP/1.1" 405 20218 "-" "PostmanRuntime/7.35.0"
192.168.1.37 - - [02/Apr/2026:12:11:56 +0000] "PATCH /api/v1/reports HTTP/1.1" 429 41750 "-" "Mozilla/5.0 (X11; Linux x86_64; rv:120.0) Gecko/20100101 Firefox/120.0"
192.168.1.7 - - [02/Apr/2026:12:22:37 +0000] "GET /api/v1/logout HTTP/1.1" 201 648 "-" "Mozilla/5.0 (X11; Linux x86_64; rv:120.0) Gecko/20100101 Firefox/120.0"
10.0.1.4 - - [02/Apr/2026:13:00:32 +0000] "PATCH /api/v1/profile HTTP/1.1" 204 9958 "-" "Mozilla/5.0 (X11; Linux x86_64; rv:120.0) Gecko/20100101 Firefox/120.0"
10.0.4.2 - - [02/Apr/2026:13:13:55 +0000] "GET /api/v1/reports HTTP/1.1" 204 10894 "-" "Mozilla/5.0 (X11; Linux x86_64; rv:120.0) Gecko/20100101 Firefox/120.0"
192.168.1.33 - - [02/Apr/2026:13:46:41 +0000] "PUT /api/v1/payments HTTP/1.1" 201 448 "-" "python-requests/2.31.0"
10.0.4.2 - - [02/Apr/2026:13:47:04 +0000] "POST /api/v1/dashboard HTTP/1.1" 401 45995 "-" "curl/8.4.0"
192.168.1.34 - - [02/Apr/2026:14:06:18 +0000] "GET /api/v1/logout HTTP/1.1" 404 40924 "-" "curl/8.4.0"
10.0.3.18 - - [02/Apr/2026:14:37:57 +0000] "DELETE /api/v1/notifications HTTP/1.1" 204 17866 "-" "python-requests/2.31.0"
10.0.4.14 - - [02/Apr/2026:14:51:10 +0000] "PUT /api/v1/payments HTTP/1.1" 204 42084 "-" "Mozilla/5.0 (Macintosh; Intel Mac OS X 14_0) Safari/605.1.15"
192.168.1.10 - - [02/Apr/2026:15:02:22 +0000] "GET /api/v1/products HTTP/1.1" 302 20077 "-" "python-requests/2.31.0"
10.0.2.10 - - [02/Apr/2026:15:11:43 +0000] "PATCH /api/v1/orders HTTP/1.1" 200 18017 "-" "Mozilla/5.0 (Macintosh; Intel Mac OS X 14_0) Safari/605.1.15"
10.0.2.11 - - [02/Apr/2026:15:15:09 +0000] "POST /api/v1/dashboard HTTP/1.1" 204 7439 "-" "Mozilla/5.0 (Macintosh; Intel Mac OS X 14_0) Safari/605.1.15"
10.0.4.5 - - [02/Apr/2026:15:33:52 +0000] "PUT /metrics HTTP/1.1" 302 23549 "-" "Mozilla/5.0 (Macintosh; Intel Mac OS X 14_0) Safari/605.1.15"
192.168.1.45 - - [02/Apr/2026:15:40:41 +0000] "GET /api/v1/dashboard HTTP/1.1" 301 18314 "-" "Mozilla/5.0 (X11; Linux x86_64; rv:120.0) Gecko/20100101 Firefox/120.0"
192.168.1.23 - - [02/Apr/2026:16:31:18 +0000] "PUT /api/v1/products HTTP/1.1" 301 40338 "-" "curl/8.4.0"
192.168.1.21 - - [02/Apr/2026:17:16:25 +0000] "POST /api/v1/notifications HTTP/1.1" 201 44023 "-" "curl/8.4.0"
10.0.1.9 - - [02/Apr/2026:17:26:20 +0000] "GET /health HTTP/1.1" 302 32997 "-" "python-requests/2.31.0"
192.168.1.17 - - [02/Apr/2026:18:20:00 +0000] "POST /api/v1/checkout HTTP/1.1" 204 27710 "-" "python-requests/2.31.0"
203.0.113.42 - - [02/Apr/2026:18:54:13 +0000] "GET /api/v1/admin HTTP/1.1" 401 12 "-" "Mozilla/5.0 (Macintosh; Intel Mac OS X 14_0) Safari/605.1.15"
203.0.113.42 - - [02/Apr/2026:18:54:13 +0000] "POST /api/v1/admin HTTP/1.1" 502 23 "-" "Mozilla/5.0 (Windows NT 10.0; Win64; x64) AppleWebKit/537.36 Chrome/120.0"
203.0.113.42 - - [02/Apr/2026:18:54:14 +0000] "POST /api/v1/login HTTP/1.1" 400 67 "-" "Mozilla/5.0 (Windows NT 10.0; Win64; x64) AppleWebKit/537.36 Chrome/120.0"
203.0.113.42 - - [02/Apr/2026:18:54:15 +0000] "GET /api/v1/admin HTTP/1.1" 405 540349 "-" "Mozilla/5.0 (Macintosh; Intel Mac OS X 14_0) Safari/605.1.15"
203.0.113.42 - - [02/Apr/2026:18:54:16 +0000] "PATCH /etc/passwd HTTP/1.1" 502 70 "-" "python-requests/2.31.0"
203.0.113.42 - - [02/Apr/2026:18:54:17 +0000] "GET /api/v1/login HTTP/1.1" 500 26 "-" "curl/8.4.0"
203.0.113.42 - - [02/Apr/2026:18:54:18 +0000] "GET /etc/passwd HTTP/1.1" 502 59 "-" "python-requests/2.31.0"
203.0.113.42 - - [02/Apr/2026:18:54:19 +0000] "GET /api/v1/login HTTP/1.1" 403 19 "-" "PostmanRuntime/7.35.0"
203.0.113.42 - - [02/Apr/2026:18:54:20 +0000] "POST /etc/passwd HTTP/1.1" 502 36 "-" "curl/8.4.0"
203.0.113.42 - - [02/Apr/2026:18:54:21 +0000] "DELETE /api/v1/login HTTP/1.1" 502 3720431 "-" "Mozilla/5.0 (Macintosh; Intel Mac OS X 14_0) Safari/605.1.15"
203.0.113.42 - - [02/Apr/2026:18:54:22 +0000] "POST /etc/passwd HTTP/1.1" 500 1446432 "-" "python-requests/2.31.0"
203.0.113.42 - - [02/Apr/2026:18:54:23 +0000] "POST /etc/passwd HTTP/1.1" 404 3975717 "-" "Mozilla/5.0 (Windows NT 10.0; Win64; x64) AppleWebKit/537.36 Chrome/120.0"
203.0.113.42 - - [02/Apr/2026:18:54:24 +0000] "GET /etc/passwd HTTP/1.1" 502 4684914 "-" "python-requests/2.31.0"
203.0.113.42 - - [02/Apr/2026:18:54:25 +0000] "PUT /etc/passwd HTTP/1.1" 503 1751231 "-" "python-requests/2.31.0"
203.0.113.42 - - [02/Apr/2026:18:54:26 +0000] "GET /api/v1/login HTTP/1.1" 502 62 "-" "Mozilla/5.0 (Macintosh; Intel Mac OS X 14_0) Safari/605.1.15"
203.0.113.42 - - [02/Apr/2026:18:54:27 +0000] "GET /api/v1/admin HTTP/1.1" 405 0 "-" "Mozilla/5.0 (X11; Linux x86_64; rv:120.0) Gecko/20100101 Firefox/120.0"
203.0.113.42 - - [02/Apr/2026:18:54:28 +0000] "POST /etc/passwd HTTP/1.1" 401 59 "-" "Mozilla/5.0 (Windows NT 10.0; Win64; x64) AppleWebKit/537.36 Chrome/120.0"
203.0.113.42 - - [02/Apr/2026:18:54:29 +0000] "GET /api/v1/admin HTTP/1.1" 400 1182071 "-" "curl/8.4.0"
203.0.113.42 - - [02/Apr/2026:18:54:30 +0000] "GET /etc/passwd HTTP/1.1" 403 49 "-" "PostmanRuntime/7.35.0"
203.0.113.42 - - [02/Apr/2026:18:54:31 +0000] "POST /api/v1/admin HTTP/1.1" 400 4010763 "-" "curl/8.4.0"
203.0.113.42 - - [02/Apr/2026:18:54:32 +0000] "POST /api/v1/admin HTTP/1.1" 502 1043162 "-" "python-requests/2.31.0"
203.0.113.42 - - [02/Apr/2026:18:54:33 +0000] "POST /api/v1/login HTTP/1.1" 502 1018381 "-" "Mozilla/5.0 (X11; Linux x86_64; rv:120.0) Gecko/20100101 Firefox/120.0"
203.0.113.42 - - [02/Apr/2026:18:54:34 +0000] "GET /api/v1/admin HTTP/1.1" 404 27 "-" "Mozilla/5.0 (X11; Linux x86_64; rv:120.0) Gecko/20100101 Firefox/120.0"
203.0.113.42 - - [02/Apr/2026:18:54:35 +0000] "PATCH /api/v1/admin HTTP/1.1" 405 100 "-" "Mozilla/5.0 (X11; Linux x86_64; rv:120.0) Gecko/20100101 Firefox/120.0"
192.168.1.8 - - [08/Apr/2026:13:02:19 +0000] "GET /api/v1/payments HTTP/1.1" 201 12301 "-" "curl/8.4.0"
203.0.113.42 - - [02/Apr/2026:18:54:36 +0000] "POST /etc/passwd HTTP/1.1" 429 28 "-" "Mozilla/5.0 (Macintosh; Intel Mac OS X 14_0) Safari/605.1.15"
203.0.113.42 - - [02/Apr/2026:18:54:37 +0000] "POST /api/v1/admin HTTP/1.1" 405 247846 "-" "Mozilla/5.0 (X11; Linux x86_64; rv:120.0) Gecko/20100101 Firefox/120.0"
203.0.113.42 - - [02/Apr/2026:18:54:38 +0000] "POST /api/v1/admin HTTP/1.1" 502 40 "-" "Mozilla/5.0 (Windows NT 10.0; Win64; x64) AppleWebKit/537.36 Chrome/120.0"
203.0.113.42 - - [02/Apr/2026:18:54:39 +0000] "GET /etc/passwd HTTP/1.1" 403 3109563 "-" "python-requests/2.31.0"
203.0.113.42 - - [02/Apr/2026:18:54:40 +0000] "POST /api/v1/admin HTTP/1.1" 504 2818197 "-" "Mozilla/5.0 (X11; Linux x86_64; rv:120.0) Gecko/20100101 Firefox/120.0"
203.0.113.42 - - [02/Apr/2026:18:54:41 +0000] "GET /api/v1/login HTTP/1.1" 500 97 "-" "curl/8.4.0"
203.0.113.42 - - [02/Apr/2026:18:54:42 +0000] "GET /api/v1/login HTTP/1.1" 404 74 "-" "Mozilla/5.0 (Windows NT 10.0; Win64; x64) AppleWebKit/537.36 Chrome/120.0"
203.0.113.42 - - [02/Apr/2026:18:54:43 +0000] "GET /api/v1/admin HTTP/1.1" 401 982537 "-" "python-requests/2.31.0"
203.0.113.42 - - [02/Apr/2026:18:54:44 +0000] "PATCH /api/v1/admin HTTP/1.1" 401 17 "-" "python-requests/2.31.0"
203.0.113.42 - - [02/Apr/2026:18:54:45 +0000] "PUT /api/v1/login HTTP/1.1" 405 3089029 "-" "Mozilla/5.0 (Macintosh; Intel Mac OS X 14_0) Safari/605.1.15"
203.0.113.42 - - [02/Apr/2026:18:54:46 +0000] "DELETE /api/v1/login HTTP/1.1" 500 76 "-" "Mozilla/5.0 (Macintosh; Intel Mac OS X 14_0) Safari/605.1.15"
203.0.113.42 - - [02/Apr/2026:18:54:47 +0000] "POST /api/v1/login HTTP/1.1" 503 2505503 "-" "PostmanRuntime/7.35.0"
203.0.113.42 - - [02/Apr/2026:18:54:48 +0000] "PUT /api/v1/login HTTP/1.1" 404 357681 "-" "Mozilla/5.0 (Windows NT 10.0; Win64; x64) AppleWebKit/537.36 Chrome/120.0"
203.0.113.42 - - [02/Apr/2026:18:54:49 +0000] "GET /api/v1/login HTTP/1.1" 504 4244641 "-" "Mozilla/5.0 (Windows NT 10.0; Win64; x64) AppleWebKit/537.36 Chrome/120.0"
203.0.113.42 - - [02/Apr/2026:18:54:50 +0000] "GET /api/v1/admin HTTP/1.1" 404 82 "-" "curl/8.4.0"
203.0.113.42 - - [02/Apr/2026:18:54:51 +0000] "GET /etc/passwd HTTP/1.1" 401 1964875 "-" "Mozilla/5.0 (Windows NT 10.0; Win64; x64) AppleWebKit/537.36 Chrome/120.0"
203.0.113.42 - - [02/Apr/2026:18:54:52 +0000] "DELETE /api/v1/login HTTP/1.1" 502 64 "-" "PostmanRuntime/7.35.0"
203.0.113.42 - - [02/Apr/2026:18:54:53 +0000] "POST /api/v1/login HTTP/1.1" 500 1499201 "-" "Mozilla/5.0 (X11; Linux x86_64; rv:120.0) Gecko/20100101 Firefox/120.0"
203.0.113.42 - - [02/Apr/2026:18:54:54 +0000] "POST /etc/passwd HTTP/1.1" 503 23 "-" "python-requests/2.31.0"
203.0.113.42 - - [02/Apr/2026:18:54:55 +0000] "PATCH /api/v1/admin HTTP/1.1" 403 1191746 "-" "curl/8.4.0"
203.0.113.42 - - [02/Apr/2026:18:54:56 +0000] "POST /api/v1/admin HTTP/1.1" 404 90 "-" "Mozilla/5.0 (X11; Linux x86_64; rv:120.0) Gecko/20100101 Firefox/120.0"
203.0.113.42 - - [02/Apr/2026:18:54:57 +0000] "POST /api/v1/login HTTP/1.1" 404 1210674 "-" "python-requests/2.31.0"
203.0.113.42 - - [02/Apr/2026:18:54:58 +0000] "GET /etc/passwd HTTP/1.1" 403 60 "-" "Mozilla/5.0 (Windows NT 10.0; Win64; x64) AppleWebKit/537.36 Chrome/120.0"
203.0.113.42 - - [02/Apr/2026:18:54:59 +0000] "DELETE /api/v1/login HTTP/1.1" 400 66 "-" "python-requests/2.31.0"
203.0.113.42 - - [02/Apr/2026:18:55:00 +0000] "GET /api/v1/admin HTTP/1.1" 401 33 "-" "Mozilla/5.0 (X11; Linux x86_64; rv:120.0) Gecko/20100101 Firefox/120.0"
203.0.113.42 - - [02/Apr/2026:18:55:01 +0000] "POST /api/v1/login HTTP/1.1" 503 4896186 "-" "PostmanRuntime/7.35.0"
203.0.113.42 - - [02/Apr/2026:18:55:02 +0000] "PATCH /api/v1/login HTTP/1.1" 429 54 "-" "Mozilla/5.0 (Windows NT 10.0; Win64; x64) AppleWebKit/537.36 Chrome/120.0"
203.0.113.42 - - [14/Mar/2026:18:32:12 +0000] "PUT /etc/passwd HTTP/1.1" 401 8 "-" "Mozilla/5.0 (Macintosh; Intel Mac OS X 14_0) Safari/605.1.15"
203.0.113.42 - - [02/Apr/2026:18:55:03 +0000] "GET /etc/passwd HTTP/1.1" 401 534635 "-" "curl/8.4.0"
203.0.113.42 - - [02/Apr/2026:18:55:04 +0000] "GET /api/v1/admin HTTP/1.1" 401 3710236 "-" "python-requests/2.31.0"
203.0.113.42 - - [02/Apr/2026:18:55:05 +0000] "GET /api/v1/login HTTP/1.1" 400 1567731 "-" "Mozilla/5.0 (Macintosh; Intel Mac OS X 14_0) Safari/605.1.15"
203.0.113.42 - - [02/Apr/2026:18:55:06 +0000] "POST /api/v1/admin HTTP/1.1" 404 23 "-" "PostmanRuntime/7.35.0"
203.0.113.42 - - [02/Apr/2026:18:55:07 +0000] "GET /api/v1/admin HTTP/1.1" 503 942689 "-" "curl/8.4.0"
203.0.113.42 - - [02/Apr/2026:18:55:08 +0000] "POST /api/v1/admin HTTP/1.1" 403 62 "-" "curl/8.4.0"
203.0.113.42 - - [02/Apr/2026:18:55:09 +0000] "GET /api/v1/login HTTP/1.1" 503 69 "-" "Mozilla/5.0 (Windows NT 10.0; Win64; x64) AppleWebKit/537.36 Chrome/120.0"
203.0.113.42 - - [02/Apr/2026:18:55:10 +0000] "GET /api/v1/admin HTTP/1.1" 403 29 "-" "Mozilla/5.0 (X11; Linux x86_64; rv:120.0) Gecko/20100101 Firefox/120.0"
203.0.113.42 - - [02/Apr/2026:18:55:11 +0000] "PATCH /api/v1/admin HTTP/1.1" 429 4953259 "-" "Mozilla/5.0 (Macintosh; Intel Mac OS X 14_0) Safari/605.1.15"
203.0.113.42 - - [02/Apr/2026:19:18:05 +0000] "POST /api/v1/admin HTTP/1.1" 405 2282553 "-" "PostmanRuntime/7.35.0"
192.168.1.20 - - [02/Apr/2026:19:39:46 +0000] "GET /static/images/logo.png HTTP/1.1" 200 4882 "-" "curl/8.4.0"
192.168.1.5 - - [02/Apr/2026:20:10:54 +0000] "PATCH /api/v1/logout HTTP/1.1" 201 12915 "-" "curl/8.4.0"
192.168.1.11 - - [02/Apr/2026:20:29:18 +0000] "DELETE /api/v1/users HTTP/1.1" 403 19284 "-" "python-requests/2.31.0"
192.168.1.48 - - [02/Apr/2026:20:49:32 +0000] "GET /api/v1/notifications HTTP/1.1" 200 18527 "-" "curl/8.4.0"
192.168.1.29 - - [02/Apr/2026:21:37:15 +0000] "DELETE /api/v1/notifications HTTP/1.1" 200 18460 "-" "curl/8.4.0"
10.0.1.13 - - [02/Apr/2026:21:38:33 +0000] "PATCH /api/v1/users HTTP/1.1" 204 37085 "-" "Mozilla/5.0 (Windows NT 10.0; Win64; x64) AppleWebKit/537.36 Chrome/120.0"
10.0.2.16 - - [02/Apr/2026:21:42:13 +0000] "GET /api/v1/payments HTTP/1.1" 304 40555 "-" "PostmanRuntime/7.35.0"
10.0.2.16 - - [02/Apr/2026:21:48:32 +0000] "GET /metrics HTTP/1.1" 200 39830 "-" "Mozilla/5.0 (Macintosh; Intel Mac OS X 14_0) Safari/605.1.15"
192.168.1.41 - - [02/Apr/2026:22:06:24 +0000] "PATCH /static/css/main.css HTTP/1.1" 200 5902 "-" "Mozilla/5.0 (Macintosh; Intel Mac OS X 14_0) Safari/605.1.15"
192.168.1.31 - - [02/Apr/2026:22:14:25 +0000] "PUT /api/v1/cart HTTP/1.1" 201 3329 "-" "Mozilla/5.0 (X11; Linux x86_64; rv:120.0) Gecko/20100101 Firefox/120.0"
10.0.4.4 - - [02/Apr/2026:23:03:32 +0000] "GET /api/v1/reports HTTP/1.1" 301 29859 "-" "curl/8.4.0"
192.168.1.44 - - [02/Apr/2026:23:19:23 +0000] "GET /api/v1/payments HTTP/1.1" 204 20104 "-" "Mozilla/5.0 (X11; Linux x86_64; rv:120.0) Gecko/20100101 Firefox/120.0"
203.0.113.42 - - [02/Apr/2026:23:19:27 +0000] "GET /favicon.ico HTTP/1.1" 204 1733 "-" "curl/8.4.0"
10.0.4.6 - - [02/Apr/2026:23:20:49 +0000] "GET /api/v1/users HTTP/1.1" 201 32650 "-" "Mozilla/5.0 (X11; Linux x86_64; rv:120.0) Gecko/20100101 Firefox/120.0"
192.168.1.6 - - [02/Apr/2026:23:43:48 +0000] "GET /static/images/logo.png HTTP/1.1" 200 47049 "-" "Mozilla/5.0 (Windows NT 10.0; Win64; x64) AppleWebKit/537.36 Chrome/120.0"
192.168.1.44 - - [03/Apr/2026:00:03:25 +0000] "POST /api/v1/payments HTTP/1.1" 200 5295 "-" "Mozilla/5.0 (X11; Linux x86_64; rv:120.0) Gecko/20100101 Firefox/120.0"
10.0.2.9 - - [03/Apr/2026:00:28:42 +0000] "DELETE /api/v1/cart HTTP/1.1" 204 18516 "-" "Mozilla/5.0 (X11; Linux x86_64; rv:120.0) Gecko/20100101 Firefox/120.0"
192.168.1.9 - - [03/Apr/2026:00:31:24 +0000] "POST /api/v1/payments HTTP/1.1" 400 23039 "-" "Mozilla/5.0 (Macintosh; Intel Mac OS X 14_0) Safari/605.1.15"
192.168.1.45 - - [03/Apr/2026:01:32:49 +0000] "GET /api/v1/payments HTTP/1.1" 201 4606 "-" "Mozilla/5.0 (Windows NT 10.0; Win64; x64) AppleWebKit/537.36 Chrome/120.0"
10.0.3.9 - - [03/Apr/2026:02:00:37 +0000] "PATCH /api/v1/settings HTTP/1.1" 201 4091 "-" "Mozilla/5.0 (Windows NT 10.0; Win64; x64) AppleWebKit/537.36 Chrome/120.0"
10.0.1.9 - - [03/Apr/2026:02:20:19 +0000] "PATCH /api/v1/profile HTTP/1.1" 201 47249 "-" "PostmanRuntime/7.35.0"
10.0.1.9 - - [03/Apr/2026:02:41:28 +0000] "DELETE /health HTTP/1.1" 204 36532 "-" "python-requests/2.31.0"
10.0.1.5 - - [03/Apr/2026:02:44:41 +0000] "POST /api/v1/cart HTTP/1.1" 200 10830 "-" "Mozilla/5.0 (X11; Linux x86_64; rv:120.0) Gecko/20100101 Firefox/120.0"
10.0.3.14 - - [03/Apr/2026:02:46:37 +0000] "PATCH /health HTTP/1.1" 201 674 "-" "python-requests/2.31.0"
203.0.113.42 - - [03/Apr/2026:03:02:10 +0000] "GET /api/v1/admin HTTP/1.1" 400 4913610 "-" "curl/8.4.0"
10.0.3.14 - - [03/Apr/2026:03:14:24 +0000] "GET /metrics HTTP/1.1" 204 8975 "-" "Mozilla/5.0 (Windows NT 10.0; Win64; x64) AppleWebKit/537.36 Chrome/120.0"
10.0.1.14 - - [03/Apr/2026:03:38:27 +0000] "PATCH /api/v1/dashboard HTTP/1.1" 200 31730 "-" "curl/8.4.0"
10.0.3.9 - - [03/Apr/2026:03:58:57 +0000] "GET /api/v1/logout HTTP/1.1" 400 25361 "-" "Mozilla/5.0 (Macintosh; Intel Mac OS X 14_0) Safari/605.1.15"
10.0.2.1 - - [03/Apr/2026:04:13:22 +0000] "POST /health HTTP/1.1" 200 29569 "-" "Mozilla/5.0 (X11; Linux x86_64; rv:120.0) Gecko/20100101 Firefox/120.0"
192.168.1.26 - - [03/Apr/2026:04:38:11 +0000] "POST /api/v1/payments HTTP/1.1" 201 5181 "-" "PostmanRuntime/7.35.0"
10.0.4.18 - - [03/Apr/2026:04:42:53 +0000] "GET /api/v1/dashboard HTTP/1.1" 200 27957 "-" "Mozilla/5.0 (X11; Linux x86_64; rv:120.0) Gecko/20100101 Firefox/120.0"
192.168.1.39 - - [03/Apr/2026:05:21:30 +0000] "POST /static/js/app.js HTTP/1.1" 204 26325 "-" "Mozilla/5.0 (X11; Linux x86_64; rv:120.0) Gecko/20100101 Firefox/120.0"
192.168.1.37 - - [03/Apr/2026:05:25:31 +0000] "POST /metrics HTTP/1.1" 201 29597 "-" "Mozilla/5.0 (Macintosh; Intel Mac OS X 14_0) Safari/605.1.15"
203.0.113.42 - - [03/Apr/2026:05:47:59 +0000] "POST /api/v1/login HTTP/1.1" 400 1202834 "-" "Mozilla/5.0 (Windows NT 10.0; Win64; x64) AppleWebKit/537.36 Chrome/120.0"
192.168.1.17 - - [03/Apr/2026:06:24:44 +0000] "GET /api/v1/cart HTTP/1.1" 304 23440 "-" "Mozilla/5.0 (Windows NT 10.0; Win64; x64) AppleWebKit/537.36 Chrome/120.0"
10.0.2.2 - - [03/Apr/2026:06:26:11 +0000] "GET /api/v1/orders HTTP/1.1" 200 42133 "-" "Mozilla/5.0 (Windows NT 10.0; Win64; x64) AppleWebKit/537.36 Chrome/120.0"
192.168.1.13 - - [03/Apr/2026:07:27:34 +0000] "POST /api/v1/notifications HTTP/1.1" 204 38950 "-" "curl/8.4.0"
10.0.1.18 - - [03/Apr/2026:08:29:52 +0000] "GET /api/v1/orders HTTP/1.1" 201 48778 "-" "Mozilla/5.0 (X11; Linux x86_64; rv:120.0) Gecko/20100101 Firefox/120.0"
192.168.1.40 - - [03/Apr/2026:08:49:24 +0000] "PATCH /static/js/app.js HTTP/1.1" 204 46612 "-" "Mozilla/5.0 (X11; Linux x86_64; rv:120.0) Gecko/20100101 Firefox/120.0"
10.0.2.15 - - [03/Apr/2026:08:57:35 +0000] "POST /static/images/logo.png HTTP/1.1" 302 38912 "-" "Mozilla/5.0 (Macintosh; Intel Mac OS X 14_0) Safari/605.1.15"
192.168.1.2 - - [03/Apr/2026:09:05:15 +0000] "GET /static/images/logo.png HTTP/1.1" 201 2916 "-" "curl/8.4.0"
10.0.3.11 - - [03/Apr/2026:09:11:54 +0000] "PUT /api/v1/search HTTP/1.1" 404 15566 "-" "Mozilla/5.0 (Macintosh; Intel Mac OS X 14_0) Safari/605.1.15"
10.0.4.5 - - [03/Apr/2026:09:25:08 +0000] "GET /api/v1/admin HTTP/1.1" 304 3946 "-" "Mozilla/5.0 (Macintosh; Intel Mac OS X 14_0) Safari/605.1.15"
10.0.2.7 - - [03/Apr/2026:09:30:05 +0000] "PATCH /api/v1/checkout HTTP/1.1" 200 34263 "-" "Mozilla/5.0 (X11; Linux x86_64; rv:120.0) Gecko/20100101 Firefox/120.0"
10.0.3.5 - - [03/Apr/2026:10:06:13 +0000] "POST /static/js/app.js HTTP/1.1" 200 48619 "-" "python-requests/2.31.0"
10.0.2.15 - - [03/Apr/2026:10:36:35 +0000] "POST /static/css/main.css HTTP/1.1" 200 11465 "-" "Mozilla/5.0 (Windows NT 10.0; Win64; x64) AppleWebKit/537.36 Chrome/120.0"
10.0.2.1 - - [03/Apr/2026:10:40:27 +0000] "GET /api/v1/orders HTTP/1.1" 301 11228 "-" "Mozilla/5.0 (X11; Linux x86_64; rv:120.0) Gecko/20100101 Firefox/120.0"
10.0.3.16 - - [09/Apr/2026:08:54:09 +0000] "POST /static/css/main.css HTTP/1.1" 201 29573 "-" "python-requests/2.31.0"
10.0.1.7 - - [03/Apr/2026:10:46:24 +0000] "DELETE /favicon.ico HTTP/1.1" 304 48507 "-" "Mozilla/5.0 (X11; Linux x86_64; rv:120.0) Gecko/20100101 Firefox/120.0"
10.0.3.14 - - [03/Apr/2026:10:57:01 +0000] "GET /api/v1/payments HTTP/1.1" 200 23161 "-" "Mozilla/5.0 (Windows NT 10.0; Win64; x64) AppleWebKit/537.36 Chrome/120.0"
192.168.1.47 - - [03/Apr/2026:11:37:44 +0000] "GET /favicon.ico HTTP/1.1" 201 49806 "-" "Mozilla/5.0 (X11; Linux x86_64; rv:120.0) Gecko/20100101 Firefox/120.0"
10.0.3.19 - - [03/Apr/2026:12:14:22 +0000] "GET /api/v1/checkout HTTP/1.1" 304 42544 "-" "Mozilla/5.0 (Windows NT 10.0; Win64; x64) AppleWebKit/537.36 Chrome/120.0"
192.168.1.44 - - [03/Apr/2026:12:59:19 +0000] "PUT /api/v1/cart HTTP/1.1" 401 5914 "-" "Mozilla/5.0 (X11; Linux x86_64; rv:120.0) Gecko/20100101 Firefox/120.0"
192.168.1.45 - - [03/Apr/2026:13:00:22 +0000] "POST /api/v1/users HTTP/1.1" 204 43134 "-" "curl/8.4.0"
10.0.4.8 - - [03/Apr/2026:13:10:01 +0000] "GET /api/v1/reports HTTP/1.1" 201 17388 "-" "Mozilla/5.0 (X11; Linux x86_64; rv:120.0) Gecko/20100101 Firefox/120.0"
192.168.1.14 - - [03/Apr/2026:13:20:04 +0000] "PATCH /api/v1/admin HTTP/1.1" 201 12331 "-" "Mozilla/5.0 (Windows NT 10.0; Win64; x64) AppleWebKit/537.36 Chrome/120.0"
10.0.2.5 - - [03/Apr/2026:13:46:00 +0000] "POST /api/v1/users HTTP/1.1" 301 40473 "-" "Mozilla/5.0 (Windows NT 10.0; Win64; x64) AppleWebKit/537.36 Chrome/120.0"
203.0.113.42 - - [03/Apr/2026:14:01:54 +0000] "POST /etc/passwd HTTP/1.1" 401 68 "-" "Mozilla/5.0 (Macintosh; Intel Mac OS X 14_0) Safari/605.1.15"
10.0.4.13 - - [03/Apr/2026:14:09:35 +0000] "GET /health HTTP/1.1" 200 579 "-" "PostmanRuntime/7.35.0"
203.0.113.42 - - [03/Apr/2026:14:17:48 +0000] "PATCH /api/v1/login HTTP/1.1" 404 362659 "-" "curl/8.4.0"
10.0.4.2 - - [03/Apr/2026:14:36:26 +0000] "PUT /api/v1/login HTTP/1.1" 201 28768 "-" "Mozilla/5.0 (Macintosh; Intel Mac OS X 14_0) Safari/605.1.15"
10.0.1.7 - - [03/Apr/2026:14:56:19 +0000] "POST /api/v1/admin HTTP/1.1" 200 37715 "-" "Mozilla/5.0 (X11; Linux x86_64; rv:120.0) Gecko/20100101 Firefox/120.0"
192.168.1.45 - - [03/Apr/2026:15:09:24 +0000] "GET /api/v1/reports HTTP/1.1" 200 28092 "-" "PostmanRuntime/7.35.0"
10.0.1.9 - - [03/Apr/2026:15:51:12 +0000] "POST /api/v1/search HTTP/1.1" 405 13191 "-" "curl/8.4.0"
10.0.1.18 - - [03/Apr/2026:16:08:35 +0000] "GET /api/v1/logout HTTP/1.1" 404 19839 "-" "Mozilla/5.0 (Macintosh; Intel Mac OS X 14_0) Safari/605.1.15"
192.168.1.26 - - [03/Apr/2026:16:21:29 +0000] "GET /api/v1/checkout HTTP/1.1" 400 19055 "-" "Mozilla/5.0 (Windows NT 10.0; Win64; x64) AppleWebKit/537.36 Chrome/120.0"
10.0.1.2 - - [03/Apr/2026:16:36:09 +0000] "GET /api/v1/notifications HTTP/1.1" 201 25651 "-" "python-requests/2.31.0"
10.0.4.2 - - [03/Apr/2026:16:44:07 +0000] "DELETE /api/v1/login HTTP/1.1" 201 45586 "-" "Mozilla/5.0 (Macintosh; Intel Mac OS X 14_0) Safari/605.1.15"
10.0.2.7 - - [03/Apr/2026:17:38:43 +0000] "GET /api/v1/login HTTP/1.1" 304 28286 "-" "Mozilla/5.0 (Windows NT 10.0; Win64; x64) AppleWebKit/537.36 Chrome/120.0"
10.0.3.1 - - [03/Apr/2026:18:08:36 +0000] "GET /static/images/logo.png HTTP/1.1" 201 5871 "-" "curl/8.4.0"
192.168.1.49 - - [03/Apr/2026:18:10:20 +0000] "GET /api/v1/payments HTTP/1.1" 200 11255 "-" "Mozilla/5.0 (X11; Linux x86_64; rv:120.0) Gecko/20100101 Firefox/120.0"
10.0.4.8 - - [03/Apr/2026:18:23:27 +0000] "GET /api/v1/checkout HTTP/1.1" 200 32719 "-" "Mozilla/5.0 (Macintosh; Intel Mac OS X 14_0) Safari/605.1.15"
10.0.3.2 - - [03/Apr/2026:18:43:18 +0000] "GET /api/v1/settings HTTP/1.1" 302 33032 "-" "curl/8.4.0"
10.0.4.9 - - [03/Apr/2026:18:59:20 +0000] "POST /api/v1/users HTTP/1.1" 200 19429 "-" "python-requests/2.31.0"
10.0.1.9 - - [03/Apr/2026:19:03:01 +0000] "GET /api/v1/orders HTTP/1.1" 201 37412 "-" "Mozilla/5.0 (Windows NT 10.0; Win64; x64) AppleWebKit/537.36 Chrome/120.0"
10.0.4.14 - - [03/Apr/2026:19:22:24 +0000] "GET /static/js/app.js HTTP/1.1" 201 46474 "-" "Mozilla/5.0 (X11; Linux x86_64; rv:120.0) Gecko/20100101 Firefox/120.0"
192.168.1.4 - - [03/Apr/2026:19:23:20 +0000] "PATCH /api/v1/users HTTP/1.1" 204 15085 "-" "python-requests/2.31.0"
10.0.2.13 - - [03/Apr/2026:19:26:20 +0000] "GET /api/v1/checkout HTTP/1.1" 200 25812 "-" "PostmanRuntime/7.35.0"
10.0.2.15 - - [03/Apr/2026:20:31:29 +0000] "PUT /metrics HTTP/1.1" 200 2330 "-" "python-requests/2.31.0"
10.0.4.17 - - [03/Apr/2026:20:35:29 +0000] "POST /api/v1/checkout HTTP/1.1" 301 3470 "-" "Mozilla/5.0 (X11; Linux x86_64; rv:120.0) Gecko/20100101 Firefox/120.0"
10.0.3.19 - - [03/Apr/2026:20:57:38 +0000] "POST /api/v1/profile HTTP/1.1" 200 33308 "-" "python-requests/2.31.0"
10.0.1.6 - - [03/Apr/2026:21:00:37 +0000] "GET /api/v1/dashboard HTTP/1.1" 302 5597 "-" "python-requests/2.31.0"
10.0.3.3 - - [03/Apr/2026:21:21:08 +0000] "DELETE /api/v1/checkout HTTP/1.1" 400 30828 "-" "Mozilla/5.0 (Macintosh; Intel Mac OS X 14_0) Safari/605.1.15"
10.0.3.13 - - [03/Apr/2026:21:37:10 +0000] "PUT /api/v1/dashboard HTTP/1.1" 204 4600 "-" "Mozilla/5.0 (X11; Linux x86_64; rv:120.0) Gecko/20100101 Firefox/120.0"
192.168.1.23 - - [03/Apr/2026:22:17:30 +0000] "POST /static/js/app.js HTTP/1.1" 302 37637 "-" "Mozilla/5.0 (Windows NT 10.0; Win64; x64) AppleWebKit/537.36 Chrome/120.0"
192.168.1.39 - - [03/Apr/2026:22:21:16 +0000] "GET /api/v1/payments HTTP/1.1" 204 7408 "-" "Mozilla/5.0 (Windows NT 10.0; Win64; x64) AppleWebKit/537.36 Chrome/120.0"
10.0.2.11 - - [03/Apr/2026:22:23:44 +0000] "GET /api/v1/notifications HTTP/1.1" 301 37037 "-" "curl/8.4.0"
203.0.113.42 - - [03/Apr/2026:22:26:43 +0000] "GET /api/v1/admin HTTP/1.1" 500 356225 "-" "PostmanRuntime/7.35.0"
10.0.4.3 - - [03/Apr/2026:22:31:11 +0000] "POST /api/v1/cart HTTP/1.1" 200 26175 "-" "curl/8.4.0"
10.0.1.6 - - [03/Apr/2026:22:54:31 +0000] "GET /api/v1/dashboard HTTP/1.1" 201 8080 "-" "python-requests/2.31.0"
